2026-07-03 00:07:16.944 +03:00 [INF] Executed DbCommand (91ms) [Parameters=[], CommandType='"Text"', CommandTimeout='30']
SELECT 1
2026-07-03 00:07:17.071 +03:00 [INF] Acquiring an exclusive lock for migration application. See https://aka.ms/efcore-docs-migrations-lock for more information if this takes too long.
2026-07-03 00:07:17.537 +03:00 [INF] Executed DbCommand (454ms) [Parameters=[], CommandType='"Text"', CommandTimeout='30']
DECLARE @result int;
EXEC @result = sp_getapplock @Resource = '__EFMigrationsLock', @LockOwner = 'Session', @LockMode = 'Exclusive';
SELECT @result
2026-07-03 00:07:17.970 +03:00 [INF] Executed DbCommand (186ms) [Parameters=[], CommandType='"Text"', CommandTimeout='30']
IF OBJECT_ID(N'[__EFMigrationsHistory]') IS NULL
BEGIN
    CREATE TABLE [__EFMigrationsHistory] (
        [MigrationId] nvarchar(150) NOT NULL,
        [ProductVersion] nvarchar(32) NOT NULL,
        CONSTRAINT [PK___EFMigrationsHistory] PRIMARY KEY ([MigrationId])
    );
END;
2026-07-03 00:07:18.043 +03:00 [INF] Executed DbCommand (4ms) [Parameters=[], CommandType='"Text"', CommandTimeout='30']
SELECT 1
2026-07-03 00:07:18.052 +03:00 [INF] Executed DbCommand (1ms) [Parameters=[], CommandType='"Text"', CommandTimeout='30']
SELECT OBJECT_ID(N'[__EFMigrationsHistory]');
2026-07-03 00:07:18.191 +03:00 [INF] Executed DbCommand (115ms) [Parameters=[], CommandType='"Text"', CommandTimeout='30']
SELECT [MigrationId], [ProductVersion]
FROM [__EFMigrationsHistory]
ORDER BY [MigrationId];
2026-07-03 00:07:18.217 +03:00 [INF] No migrations were applied. The database is already up to date.
2026-07-03 00:07:18.269 +03:00 [INF] Executed DbCommand (48ms) [Parameters=[], CommandType='"Text"', CommandTimeout='30']
DECLARE @result int;
EXEC @result = sp_releaseapplock @Resource = '__EFMigrationsLock', @LockOwner = 'Session';
SELECT @result
2026-07-03 00:07:19.210 +03:00 [INF] Executed DbCommand (223ms) [Parameters=[], CommandType='"Text"', CommandTimeout='30']
SELECT CASE
    WHEN EXISTS (
        SELECT 1
        FROM [Users] AS [u]) THEN CAST(1 AS bit)
    ELSE CAST(0 AS bit)
END
2026-07-03 00:07:19.236 +03:00 [INF] Database already seeded. Ensuring demo accounts exist.
2026-07-03 00:07:19.487 +03:00 [INF] Executed DbCommand (54ms) [Parameters=[], CommandType='"Text"', CommandTimeout='30']
SELECT TOP(1) [u].[Id], [u].[CreatedAt], [u].[Email], [u].[IsActive], [u].[PasswordHash], [u].[Role]
FROM [Users] AS [u]
WHERE [u].[Email] = N'patient@hospital.com'
2026-07-03 00:07:19.857 +03:00 [INF] Executed DbCommand (149ms) [Parameters=[@patientUser_Id='?' (DbType = Guid)], CommandType='"Text"', CommandTimeout='30']
SELECT TOP(1) [p].[Id], [p].[Address], [p].[BloodType], [p].[CreatedAt], [p].[DateOfBirth], [p].[Email], [p].[FullName], [p].[Gender], [p].[NationalId], [p].[Phone], [p].[UserId]
FROM [Patients] AS [p]
WHERE [p].[UserId] = @patientUser_Id
2026-07-03 00:07:20.013 +03:00 [INF] Executed DbCommand (29ms) [Parameters=[], CommandType='"Text"', CommandTimeout='30']
SELECT CASE
    WHEN EXISTS (
        SELECT 1
        FROM [DefaultDoctorSchedules] AS [d]) THEN CAST(1 AS bit)
    ELSE CAST(0 AS bit)
END
2026-07-03 00:07:21.427 +03:00 [INF] Now listening on: http://localhost:5000
2026-07-03 00:07:21.540 +03:00 [INF] Application started. Press Ctrl+C to shut down.
2026-07-03 00:07:21.541 +03:00 [INF] Hosting environment: Development
2026-07-03 00:07:21.542 +03:00 [INF] Content root path: C:\Users\i - seven\Desktop\DEPI (4)\DEPI\HospitalSystem.API
2026-07-03 00:07:33.003 +03:00 [INF] HTTP GET /swagger/index.html responded 304 in 156ms
2026-07-03 00:07:33.415 +03:00 [INF] HTTP GET /swagger/swagger-ui-standalone-preset.js responded 304 in 94ms
2026-07-03 00:07:33.415 +03:00 [INF] HTTP GET /swagger/index.css responded 304 in 94ms
2026-07-03 00:07:33.415 +03:00 [INF] HTTP GET /swagger/swagger-ui.css responded 304 in 96ms
2026-07-03 00:07:33.449 +03:00 [INF] HTTP GET /swagger/index.js responded 304 in 0ms
2026-07-03 00:07:33.484 +03:00 [INF] HTTP GET /swagger/swagger-ui-bundle.js responded 304 in 163ms
2026-07-03 00:07:34.428 +03:00 [INF] HTTP GET /swagger/v1/swagger.json responded 200 in 115ms
2026-07-03 00:08:17.823 +03:00 [INF] Executed DbCommand (47ms) [Parameters=[], CommandType='"Text"', CommandTimeout='30']
SELECT 1
2026-07-03 00:08:17.923 +03:00 [INF] Acquiring an exclusive lock for migration application. See https://aka.ms/efcore-docs-migrations-lock for more information if this takes too long.
2026-07-03 00:08:17.998 +03:00 [INF] Executed DbCommand (64ms) [Parameters=[], CommandType='"Text"', CommandTimeout='30']
DECLARE @result int;
EXEC @result = sp_getapplock @Resource = '__EFMigrationsLock', @LockOwner = 'Session', @LockMode = 'Exclusive';
SELECT @result
2026-07-03 00:08:18.176 +03:00 [INF] Executed DbCommand (40ms) [Parameters=[], CommandType='"Text"', CommandTimeout='30']
IF OBJECT_ID(N'[__EFMigrationsHistory]') IS NULL
BEGIN
    CREATE TABLE [__EFMigrationsHistory] (
        [MigrationId] nvarchar(150) NOT NULL,
        [ProductVersion] nvarchar(32) NOT NULL,
        CONSTRAINT [PK___EFMigrationsHistory] PRIMARY KEY ([MigrationId])
    );
END;
2026-07-03 00:08:18.211 +03:00 [INF] Executed DbCommand (1ms) [Parameters=[], CommandType='"Text"', CommandTimeout='30']
SELECT 1
2026-07-03 00:08:18.215 +03:00 [INF] Executed DbCommand (1ms) [Parameters=[], CommandType='"Text"', CommandTimeout='30']
SELECT OBJECT_ID(N'[__EFMigrationsHistory]');
2026-07-03 00:08:18.229 +03:00 [INF] Executed DbCommand (6ms) [Parameters=[], CommandType='"Text"', CommandTimeout='30']
SELECT [MigrationId], [ProductVersion]
FROM [__EFMigrationsHistory]
ORDER BY [MigrationId];
2026-07-03 00:08:18.253 +03:00 [INF] No migrations were applied. The database is already up to date.
2026-07-03 00:08:18.277 +03:00 [INF] Executed DbCommand (21ms) [Parameters=[], CommandType='"Text"', CommandTimeout='30']
DECLARE @result int;
EXEC @result = sp_releaseapplock @Resource = '__EFMigrationsLock', @LockOwner = 'Session';
SELECT @result
2026-07-03 00:08:18.847 +03:00 [INF] Executed DbCommand (16ms) [Parameters=[], CommandType='"Text"', CommandTimeout='30']
SELECT CASE
    WHEN EXISTS (
        SELECT 1
        FROM [Users] AS [u]) THEN CAST(1 AS bit)
    ELSE CAST(0 AS bit)
END
2026-07-03 00:08:18.863 +03:00 [INF] Database already seeded. Ensuring demo accounts exist.
2026-07-03 00:08:19.043 +03:00 [INF] Executed DbCommand (6ms) [Parameters=[], CommandType='"Text"', CommandTimeout='30']
SELECT TOP(1) [u].[Id], [u].[CreatedAt], [u].[Email], [u].[IsActive], [u].[PasswordHash], [u].[Role]
FROM [Users] AS [u]
WHERE [u].[Email] = N'patient@hospital.com'
2026-07-03 00:08:19.268 +03:00 [INF] Executed DbCommand (33ms) [Parameters=[@patientUser_Id='?' (DbType = Guid)], CommandType='"Text"', CommandTimeout='30']
SELECT TOP(1) [p].[Id], [p].[Address], [p].[BloodType], [p].[CreatedAt], [p].[DateOfBirth], [p].[Email], [p].[FullName], [p].[Gender], [p].[NationalId], [p].[Phone], [p].[UserId]
FROM [Patients] AS [p]
WHERE [p].[UserId] = @patientUser_Id
2026-07-03 00:08:19.390 +03:00 [INF] Executed DbCommand (5ms) [Parameters=[], CommandType='"Text"', CommandTimeout='30']
SELECT CASE
    WHEN EXISTS (
        SELECT 1
        FROM [DefaultDoctorSchedules] AS [d]) THEN CAST(1 AS bit)
    ELSE CAST(0 AS bit)
END
2026-07-03 00:08:19.921 +03:00 [INF] Now listening on: http://localhost:5000
2026-07-03 00:08:20.022 +03:00 [INF] Application started. Press Ctrl+C to shut down.
2026-07-03 00:08:20.024 +03:00 [INF] Hosting environment: Development
2026-07-03 00:08:20.026 +03:00 [INF] Content root path: C:\Users\i - seven\Desktop\DEPI (4)\DEPI\HospitalSystem.API
2026-07-03 00:08:44.012 +03:00 [WRN] Failed to determine the https port for redirect.
2026-07-03 00:08:44.079 +03:00 [INF] HTTP OPTIONS /api/auth/login responded 204 in 77ms
2026-07-03 00:08:44.446 +03:00 [INF] Executed DbCommand (18ms) [Parameters=[], CommandType='"Text"', CommandTimeout='30']
SELECT [u].[Id], [u].[CreatedAt], [u].[Email], [u].[IsActive], [u].[PasswordHash], [u].[Role]
FROM [Users] AS [u]
2026-07-03 00:08:45.578 +03:00 [INF] HTTP POST /api/auth/login responded 200 in 1442ms
2026-07-03 00:08:45.638 +03:00 [INF] HTTP OPTIONS /api/patients responded 204 in 0ms
2026-07-03 00:08:45.799 +03:00 [INF] Executed DbCommand (2ms) [Parameters=[], CommandType='"Text"', CommandTimeout='30']
SELECT [p].[Id], [p].[Address], [p].[BloodType], [p].[CreatedAt], [p].[DateOfBirth], [p].[Email], [p].[FullName], [p].[Gender], [p].[NationalId], [p].[Phone], [p].[UserId]
FROM [Patients] AS [p]
2026-07-03 00:08:45.854 +03:00 [INF] HTTP GET /api/patients responded 200 in 210ms
2026-07-03 00:08:48.795 +03:00 [INF] HTTP OPTIONS /api/departments responded 204 in 0ms
2026-07-03 00:08:48.810 +03:00 [INF] HTTP OPTIONS /api/patients responded 204 in 2ms
2026-07-03 00:08:48.838 +03:00 [INF] Executed DbCommand (4ms) [Parameters=[], CommandType='"Text"', CommandTimeout='30']
SELECT [p].[Id], [p].[Address], [p].[BloodType], [p].[CreatedAt], [p].[DateOfBirth], [p].[Email], [p].[FullName], [p].[Gender], [p].[NationalId], [p].[Phone], [p].[UserId]
FROM [Patients] AS [p]
2026-07-03 00:08:48.843 +03:00 [INF] HTTP GET /api/patients responded 200 in 24ms
2026-07-03 00:08:48.860 +03:00 [INF] Executed DbCommand (3ms) [Parameters=[], CommandType='"Text"', CommandTimeout='30']
SELECT [d].[Id], [d].[Description], [d].[IsActive], [d].[Name]
FROM [Departments] AS [d]
2026-07-03 00:08:48.892 +03:00 [INF] HTTP GET /api/departments responded 200 in 82ms
2026-07-03 00:09:17.847 +03:00 [INF] HTTP OPTIONS /api/patients responded 204 in 0ms
2026-07-03 00:09:17.869 +03:00 [INF] Executed DbCommand (1ms) [Parameters=[], CommandType='"Text"', CommandTimeout='30']
SELECT [p].[Id], [p].[Address], [p].[BloodType], [p].[CreatedAt], [p].[DateOfBirth], [p].[Email], [p].[FullName], [p].[Gender], [p].[NationalId], [p].[Phone], [p].[UserId]
FROM [Patients] AS [p]
2026-07-03 00:09:17.878 +03:00 [INF] HTTP GET /api/patients responded 200 in 17ms
2026-07-03 00:09:22.122 +03:00 [INF] HTTP OPTIONS /api/departments responded 204 in 0ms
2026-07-03 00:09:22.123 +03:00 [INF] HTTP OPTIONS /api/patients responded 204 in 0ms
2026-07-03 00:09:22.134 +03:00 [INF] Executed DbCommand (2ms) [Parameters=[], CommandType='"Text"', CommandTimeout='30']
SELECT [p].[Id], [p].[Address], [p].[BloodType], [p].[CreatedAt], [p].[DateOfBirth], [p].[Email], [p].[FullName], [p].[Gender], [p].[NationalId], [p].[Phone], [p].[UserId]
FROM [Patients] AS [p]
2026-07-03 00:09:22.143 +03:00 [INF] HTTP GET /api/patients responded 200 in 13ms
2026-07-03 00:09:22.145 +03:00 [INF] Executed DbCommand (2ms) [Parameters=[], CommandType='"Text"', CommandTimeout='30']
SELECT [d].[Id], [d].[Description], [d].[IsActive], [d].[Name]
FROM [Departments] AS [d]
2026-07-03 00:09:22.156 +03:00 [INF] HTTP GET /api/departments responded 200 in 26ms
2026-07-03 00:11:46.787 +03:00 [INF] HTTP OPTIONS /api/departments responded 204 in 0ms
2026-07-03 00:11:46.788 +03:00 [INF] HTTP OPTIONS /api/patients responded 204 in 0ms
2026-07-03 00:11:46.797 +03:00 [INF] Executed DbCommand (2ms) [Parameters=[], CommandType='"Text"', CommandTimeout='30']
SELECT [d].[Id], [d].[Description], [d].[IsActive], [d].[Name]
FROM [Departments] AS [d]
2026-07-03 00:11:46.798 +03:00 [INF] Executed DbCommand (2ms) [Parameters=[], CommandType='"Text"', CommandTimeout='30']
SELECT [p].[Id], [p].[Address], [p].[BloodType], [p].[CreatedAt], [p].[DateOfBirth], [p].[Email], [p].[FullName], [p].[Gender], [p].[NationalId], [p].[Phone], [p].[UserId]
FROM [Patients] AS [p]
2026-07-03 00:11:46.802 +03:00 [INF] HTTP GET /api/departments responded 200 in 10ms
2026-07-03 00:11:46.805 +03:00 [INF] HTTP GET /api/patients responded 200 in 11ms
2026-07-03 00:12:31.061 +03:00 [INF] HTTP OPTIONS /api/departments responded 204 in 0ms
2026-07-03 00:12:31.063 +03:00 [INF] HTTP OPTIONS /api/patients responded 204 in 0ms
2026-07-03 00:12:31.073 +03:00 [INF] Executed DbCommand (2ms) [Parameters=[], CommandType='"Text"', CommandTimeout='30']
SELECT [d].[Id], [d].[Description], [d].[IsActive], [d].[Name]
FROM [Departments] AS [d]
2026-07-03 00:12:31.077 +03:00 [INF] Executed DbCommand (5ms) [Parameters=[], CommandType='"Text"', CommandTimeout='30']
SELECT [p].[Id], [p].[Address], [p].[BloodType], [p].[CreatedAt], [p].[DateOfBirth], [p].[Email], [p].[FullName], [p].[Gender], [p].[NationalId], [p].[Phone], [p].[UserId]
FROM [Patients] AS [p]
2026-07-03 00:12:31.084 +03:00 [INF] HTTP GET /api/departments responded 200 in 15ms
2026-07-03 00:12:31.087 +03:00 [INF] HTTP GET /api/patients responded 200 in 17ms
2026-07-03 00:13:27.429 +03:00 [INF] HTTP OPTIONS /api/departments responded 204 in 0ms
2026-07-03 00:13:27.434 +03:00 [INF] HTTP OPTIONS /api/patients responded 204 in 0ms
2026-07-03 00:13:27.453 +03:00 [INF] Executed DbCommand (1ms) [Parameters=[], CommandType='"Text"', CommandTimeout='30']
SELECT [d].[Id], [d].[Description], [d].[IsActive], [d].[Name]
FROM [Departments] AS [d]
2026-07-03 00:13:27.454 +03:00 [INF] Executed DbCommand (1ms) [Parameters=[], CommandType='"Text"', CommandTimeout='30']
SELECT [p].[Id], [p].[Address], [p].[BloodType], [p].[CreatedAt], [p].[DateOfBirth], [p].[Email], [p].[FullName], [p].[Gender], [p].[NationalId], [p].[Phone], [p].[UserId]
FROM [Patients] AS [p]
2026-07-03 00:13:27.460 +03:00 [INF] HTTP GET /api/departments responded 200 in 10ms
2026-07-03 00:13:27.465 +03:00 [INF] HTTP GET /api/patients responded 200 in 14ms
2026-07-03 00:13:30.403 +03:00 [INF] Executed DbCommand (1ms) [Parameters=[], CommandType='"Text"', CommandTimeout='30']
SELECT [p].[Id], [p].[Address], [p].[BloodType], [p].[CreatedAt], [p].[DateOfBirth], [p].[Email], [p].[FullName], [p].[Gender], [p].[NationalId], [p].[Phone], [p].[UserId]
FROM [Patients] AS [p]
2026-07-03 00:13:30.403 +03:00 [INF] Executed DbCommand (1ms) [Parameters=[], CommandType='"Text"', CommandTimeout='30']
SELECT [d].[Id], [d].[Description], [d].[IsActive], [d].[Name]
FROM [Departments] AS [d]
2026-07-03 00:13:30.409 +03:00 [INF] HTTP GET /api/patients responded 200 in 9ms
2026-07-03 00:13:30.412 +03:00 [INF] HTTP GET /api/departments responded 200 in 11ms
2026-07-03 00:14:02.849 +03:00 [INF] HTTP OPTIONS /api/patients responded 204 in 0ms
2026-07-03 00:14:02.863 +03:00 [INF] HTTP OPTIONS /api/departments responded 204 in 0ms
2026-07-03 00:14:02.960 +03:00 [INF] Executed DbCommand (9ms) [Parameters=[], CommandType='"Text"', CommandTimeout='30']
SELECT [p].[Id], [p].[Address], [p].[BloodType], [p].[CreatedAt], [p].[DateOfBirth], [p].[Email], [p].[FullName], [p].[Gender], [p].[NationalId], [p].[Phone], [p].[UserId]
FROM [Patients] AS [p]
2026-07-03 00:14:02.962 +03:00 [INF] Executed DbCommand (10ms) [Parameters=[], CommandType='"Text"', CommandTimeout='30']
SELECT [d].[Id], [d].[Description], [d].[IsActive], [d].[Name]
FROM [Departments] AS [d]
2026-07-03 00:14:02.973 +03:00 [INF] HTTP GET /api/patients responded 200 in 23ms
2026-07-03 00:14:02.977 +03:00 [INF] HTTP GET /api/departments responded 200 in 26ms
2026-07-03 07:02:35.347 +03:00 [INF] Executed DbCommand (129ms) [Parameters=[], CommandType='"Text"', CommandTimeout='30']
SELECT 1
2026-07-03 07:02:35.620 +03:00 [INF] Acquiring an exclusive lock for migration application. See https://aka.ms/efcore-docs-migrations-lock for more information if this takes too long.
2026-07-03 07:02:36.554 +03:00 [INF] Executed DbCommand (358ms) [Parameters=[], CommandType='"Text"', CommandTimeout='30']
DECLARE @result int;
EXEC @result = sp_getapplock @Resource = '__EFMigrationsLock', @LockOwner = 'Session', @LockMode = 'Exclusive';
SELECT @result
2026-07-03 07:02:36.943 +03:00 [INF] Executed DbCommand (16ms) [Parameters=[], CommandType='"Text"', CommandTimeout='30']
IF OBJECT_ID(N'[__EFMigrationsHistory]') IS NULL
BEGIN
    CREATE TABLE [__EFMigrationsHistory] (
        [MigrationId] nvarchar(150) NOT NULL,
        [ProductVersion] nvarchar(32) NOT NULL,
        CONSTRAINT [PK___EFMigrationsHistory] PRIMARY KEY ([MigrationId])
    );
END;
2026-07-03 07:02:37.000 +03:00 [INF] Executed DbCommand (10ms) [Parameters=[], CommandType='"Text"', CommandTimeout='30']
SELECT 1
2026-07-03 07:02:37.006 +03:00 [INF] Executed DbCommand (1ms) [Parameters=[], CommandType='"Text"', CommandTimeout='30']
SELECT OBJECT_ID(N'[__EFMigrationsHistory]');
2026-07-03 07:02:37.033 +03:00 [INF] Executed DbCommand (14ms) [Parameters=[], CommandType='"Text"', CommandTimeout='30']
SELECT [MigrationId], [ProductVersion]
FROM [__EFMigrationsHistory]
ORDER BY [MigrationId];
2026-07-03 07:02:37.067 +03:00 [INF] No migrations were applied. The database is already up to date.
2026-07-03 07:02:37.093 +03:00 [INF] Executed DbCommand (21ms) [Parameters=[], CommandType='"Text"', CommandTimeout='30']
DECLARE @result int;
EXEC @result = sp_releaseapplock @Resource = '__EFMigrationsLock', @LockOwner = 'Session';
SELECT @result
2026-07-03 07:02:37.842 +03:00 [INF] Executed DbCommand (14ms) [Parameters=[], CommandType='"Text"', CommandTimeout='30']
SELECT CASE
    WHEN EXISTS (
        SELECT 1
        FROM [Users] AS [u]) THEN CAST(1 AS bit)
    ELSE CAST(0 AS bit)
END
2026-07-03 07:02:37.858 +03:00 [INF] Database already seeded. Ensuring demo accounts exist.
2026-07-03 07:02:38.090 +03:00 [INF] Executed DbCommand (59ms) [Parameters=[], CommandType='"Text"', CommandTimeout='30']
SELECT TOP(1) [u].[Id], [u].[CreatedAt], [u].[Email], [u].[IsActive], [u].[PasswordHash], [u].[Role]
FROM [Users] AS [u]
WHERE [u].[Email] = N'patient@hospital.com'
2026-07-03 07:02:38.417 +03:00 [INF] Executed DbCommand (44ms) [Parameters=[@patientUser_Id='?' (DbType = Guid)], CommandType='"Text"', CommandTimeout='30']
SELECT TOP(1) [p].[Id], [p].[Address], [p].[BloodType], [p].[CreatedAt], [p].[DateOfBirth], [p].[Email], [p].[FullName], [p].[Gender], [p].[NationalId], [p].[Phone], [p].[UserId]
FROM [Patients] AS [p]
WHERE [p].[UserId] = @patientUser_Id
2026-07-03 07:02:38.585 +03:00 [INF] Executed DbCommand (25ms) [Parameters=[], CommandType='"Text"', CommandTimeout='30']
SELECT CASE
    WHEN EXISTS (
        SELECT 1
        FROM [DefaultDoctorSchedules] AS [d]) THEN CAST(1 AS bit)
    ELSE CAST(0 AS bit)
END
2026-07-03 07:02:39.832 +03:00 [INF] Now listening on: http://localhost:5000
2026-07-03 07:02:40.127 +03:00 [INF] Application started. Press Ctrl+C to shut down.
2026-07-03 07:02:40.159 +03:00 [INF] Hosting environment: Development
2026-07-03 07:02:40.172 +03:00 [INF] Content root path: C:\Users\i - seven\Desktop\DEPI (4)\DEPI\HospitalSystem.API
2026-07-03 07:02:59.430 +03:00 [WRN] Failed to determine the https port for redirect.
2026-07-03 07:02:59.443 +03:00 [INF] HTTP OPTIONS /api/patients responded 204 in 35ms
2026-07-03 07:02:59.978 +03:00 [INF] Executed DbCommand (22ms) [Parameters=[], CommandType='"Text"', CommandTimeout='30']
SELECT [p].[Id], [p].[Address], [p].[BloodType], [p].[CreatedAt], [p].[DateOfBirth], [p].[Email], [p].[FullName], [p].[Gender], [p].[NationalId], [p].[Phone], [p].[UserId]
FROM [Patients] AS [p]
2026-07-03 07:03:00.102 +03:00 [INF] HTTP GET /api/patients responded 200 in 627ms
2026-07-03 07:03:34.963 +03:00 [INF] HTTP OPTIONS /api/auth/login responded 204 in 0ms
2026-07-03 07:03:35.041 +03:00 [INF] Executed DbCommand (25ms) [Parameters=[], CommandType='"Text"', CommandTimeout='30']
SELECT [u].[Id], [u].[CreatedAt], [u].[Email], [u].[IsActive], [u].[PasswordHash], [u].[Role]
FROM [Users] AS [u]
2026-07-03 07:03:35.525 +03:00 [INF] HTTP POST /api/auth/login responded 200 in 556ms
2026-07-03 07:03:35.577 +03:00 [INF] HTTP OPTIONS /api/patients responded 204 in 0ms
2026-07-03 07:03:35.591 +03:00 [INF] Executed DbCommand (1ms) [Parameters=[], CommandType='"Text"', CommandTimeout='30']
SELECT [p].[Id], [p].[Address], [p].[BloodType], [p].[CreatedAt], [p].[DateOfBirth], [p].[Email], [p].[FullName], [p].[Gender], [p].[NationalId], [p].[Phone], [p].[UserId]
FROM [Patients] AS [p]
2026-07-03 07:03:35.594 +03:00 [INF] HTTP GET /api/patients responded 200 in 14ms
2026-07-03 07:03:37.411 +03:00 [INF] HTTP OPTIONS /api/doctors responded 204 in 0ms
2026-07-03 07:03:37.415 +03:00 [INF] HTTP OPTIONS /api/patients responded 204 in 0ms
2026-07-03 07:03:37.415 +03:00 [INF] HTTP OPTIONS /api/doctors responded 204 in 0ms
2026-07-03 07:03:37.436 +03:00 [INF] Executed DbCommand (2ms) [Parameters=[], CommandType='"Text"', CommandTimeout='30']
SELECT [p].[Id], [p].[Address], [p].[BloodType], [p].[CreatedAt], [p].[DateOfBirth], [p].[Email], [p].[FullName], [p].[Gender], [p].[NationalId], [p].[Phone], [p].[UserId]
FROM [Patients] AS [p]
2026-07-03 07:03:37.446 +03:00 [INF] HTTP GET /api/patients responded 200 in 22ms
2026-07-03 07:03:37.465 +03:00 [INF] Executed DbCommand (7ms) [Parameters=[], CommandType='"Text"', CommandTimeout='30']
SELECT [d].[Id], [d].[DepartmentId], [d].[FullName], [d].[IsActive], [d].[Phone], [d].[Specialization], [d].[UserId]
FROM [Doctors] AS [d]
2026-07-03 07:03:37.626 +03:00 [INF] Executed DbCommand (3ms) [Parameters=[@p='?' (DbType = Guid)], CommandType='"Text"', CommandTimeout='30']
SELECT TOP(1) [d].[Id], [d].[Description], [d].[IsActive], [d].[Name]
FROM [Departments] AS [d]
WHERE [d].[Id] = @p
2026-07-03 07:03:37.667 +03:00 [INF] HTTP GET /api/doctors responded 200 in 245ms
2026-07-03 07:03:37.674 +03:00 [INF] Executed DbCommand (2ms) [Parameters=[], CommandType='"Text"', CommandTimeout='30']
SELECT [d].[Id], [d].[DepartmentId], [d].[FullName], [d].[IsActive], [d].[Phone], [d].[Specialization], [d].[UserId]
FROM [Doctors] AS [d]
2026-07-03 07:03:37.683 +03:00 [INF] HTTP OPTIONS /api/appointments responded 204 in 0ms
2026-07-03 07:03:37.706 +03:00 [INF] Executed DbCommand (0ms) [Parameters=[@p='?' (DbType = Guid)], CommandType='"Text"', CommandTimeout='30']
SELECT TOP(1) [d].[Id], [d].[Description], [d].[IsActive], [d].[Name]
FROM [Departments] AS [d]
WHERE [d].[Id] = @p
2026-07-03 07:03:37.716 +03:00 [INF] HTTP GET /api/doctors responded 200 in 47ms
2026-07-03 07:03:37.731 +03:00 [INF] HTTP OPTIONS /api/doctors/57d47779-2e9c-42f6-a24d-2de7de3a34e7/date-schedules responded 204 in 0ms
2026-07-03 07:03:37.733 +03:00 [INF] HTTP OPTIONS /api/doctors/3b601f6a-1230-4223-9df7-30235e210b4e/date-schedules responded 204 in 1ms
2026-07-03 07:03:37.785 +03:00 [INF] Executed DbCommand (15ms) [Parameters=[@doctorId='?' (DbType = Guid), @date='?' (DbType = Date)], CommandType='"Text"', CommandTimeout='30']
SELECT [a].[Id], [a].[AppointmentDate], [a].[CreatedAt], [a].[CreatedByReceptionistId], [a].[DoctorId], [a].[EndTime], [a].[Notes], [a].[PatientId], [a].[StartTime], [a].[Status], [a].[UpdatedAt]
FROM [Appointments] AS [a]
WHERE [a].[DoctorId] = @doctorId AND [a].[AppointmentDate] = @date
ORDER BY [a].[StartTime]
2026-07-03 07:03:37.792 +03:00 [INF] Executed DbCommand (1ms) [Parameters=[@p='?' (DbType = Guid)], CommandType='"Text"', CommandTimeout='30']
SELECT TOP(1) [d].[Id], [d].[DepartmentId], [d].[FullName], [d].[IsActive], [d].[Phone], [d].[Specialization], [d].[UserId]
FROM [Doctors] AS [d]
WHERE [d].[Id] = @p
2026-07-03 07:03:37.797 +03:00 [INF] Executed DbCommand (6ms) [Parameters=[@p='?' (DbType = Guid)], CommandType='"Text"', CommandTimeout='30']
SELECT TOP(1) [d].[Id], [d].[DepartmentId], [d].[FullName], [d].[IsActive], [d].[Phone], [d].[Specialization], [d].[UserId]
FROM [Doctors] AS [d]
WHERE [d].[Id] = @p
2026-07-03 07:03:37.817 +03:00 [INF] HTTP GET /api/appointments responded 200 in 114ms
2026-07-03 07:03:37.821 +03:00 [INF] Executed DbCommand (7ms) [Parameters=[], CommandType='"Text"', CommandTimeout='30']
SELECT [d].[Id], [d].[AppointmentDurationMinutes], [d].[DoctorId], [d].[EndTime], [d].[IsActive], [d].[ScheduleDate], [d].[StartTime]
FROM [DoctorDateSchedules] AS [d]
2026-07-03 07:03:37.821 +03:00 [INF] Executed DbCommand (5ms) [Parameters=[], CommandType='"Text"', CommandTimeout='30']
SELECT [d].[Id], [d].[AppointmentDurationMinutes], [d].[DoctorId], [d].[EndTime], [d].[IsActive], [d].[ScheduleDate], [d].[StartTime]
FROM [DoctorDateSchedules] AS [d]
2026-07-03 07:03:37.821 +03:00 [INF] HTTP OPTIONS /api/appointments responded 204 in 0ms
2026-07-03 07:03:37.844 +03:00 [INF] Executed DbCommand (0ms) [Parameters=[@doctorId='?' (DbType = Guid), @date='?' (DbType = Date)], CommandType='"Text"', CommandTimeout='30']
SELECT [a].[Id], [a].[AppointmentDate], [a].[CreatedAt], [a].[CreatedByReceptionistId], [a].[DoctorId], [a].[EndTime], [a].[Notes], [a].[PatientId], [a].[StartTime], [a].[Status], [a].[UpdatedAt]
FROM [Appointments] AS [a]
WHERE [a].[DoctorId] = @doctorId AND [a].[AppointmentDate] = @date
ORDER BY [a].[StartTime]
2026-07-03 07:03:37.850 +03:00 [INF] HTTP GET /api/appointments responded 200 in 17ms
2026-07-03 07:03:37.857 +03:00 [INF] HTTP GET /api/doctors/3b601f6a-1230-4223-9df7-30235e210b4e/date-schedules responded 200 in 108ms
2026-07-03 07:03:37.857 +03:00 [INF] HTTP GET /api/doctors/57d47779-2e9c-42f6-a24d-2de7de3a34e7/date-schedules responded 200 in 107ms
2026-07-03 07:03:40.521 +03:00 [INF] HTTP OPTIONS /api/departments responded 204 in 0ms
2026-07-03 07:03:40.551 +03:00 [INF] Executed DbCommand (1ms) [Parameters=[], CommandType='"Text"', CommandTimeout='30']
SELECT [d].[Id], [d].[Description], [d].[IsActive], [d].[Name]
FROM [Departments] AS [d]
2026-07-03 07:03:40.568 +03:00 [INF] HTTP GET /api/departments responded 200 in 41ms
2026-07-03 07:03:51.332 +03:00 [INF] HTTP OPTIONS /api/doctors/department/1d1b4bb6-66f3-4808-baf4-a7dd7f082562 responded 204 in 0ms
2026-07-03 07:03:51.404 +03:00 [INF] Executed DbCommand (20ms) [Parameters=[@departmentId='?' (DbType = Guid)], CommandType='"Text"', CommandTimeout='30']
SELECT [d].[Id], [d].[DepartmentId], [d].[FullName], [d].[IsActive], [d].[Phone], [d].[Specialization], [d].[UserId], [d0].[Id], [d0].[Description], [d0].[IsActive], [d0].[Name]
FROM [Doctors] AS [d]
INNER JOIN [Departments] AS [d0] ON [d].[DepartmentId] = [d0].[Id]
WHERE [d].[DepartmentId] = @departmentId AND [d].[IsActive] = CAST(1 AS bit)
2026-07-03 07:03:51.411 +03:00 [INF] HTTP GET /api/doctors/department/1d1b4bb6-66f3-4808-baf4-a7dd7f082562 responded 200 in 75ms
2026-07-03 07:03:58.281 +03:00 [INF] HTTP OPTIONS /api/appointments/available-slots responded 204 in 0ms
2026-07-03 07:03:58.303 +03:00 [INF] Executed DbCommand (2ms) [Parameters=[], CommandType='"Text"', CommandTimeout='30']
SELECT [d].[Id], [d].[AppointmentDurationMinutes], [d].[DoctorId], [d].[EndTime], [d].[IsActive], [d].[ScheduleDate], [d].[StartTime]
FROM [DoctorDateSchedules] AS [d]
2026-07-03 07:03:58.321 +03:00 [WRN] Request failed with "BadRequest"
HospitalSystem.Application.Exceptions.ValidationException: Doctor is not available on this date. Set working hours for this date first.
   at HospitalSystem.Application.Services.AppointmentService.GetWorkingHoursForDateAsync(Guid doctorId, DateOnly date, CancellationToken cancellationToken) in C:\Users\i - seven\Desktop\DEPI (4)\DEPI\HospitalSystem.Application\Services\AppointmentService.cs:line 263
   at HospitalSystem.Application.Services.AppointmentService.GetAvailableSlotsAsync(Guid doctorId, DateOnly date, Guid patientId, Nullable`1 excludeAppointmentId, CancellationToken cancellationToken) in C:\Users\i - seven\Desktop\DEPI (4)\DEPI\HospitalSystem.Application\Services\AppointmentService.cs:line 170
   at HospitalSystem.API.Controllers.AppointmentsController.GetAvailableSlots(Guid doctorId, DateOnly date, Guid patientId, Nullable`1 excludeAppointmentId, CancellationToken cancellationToken) in C:\Users\i - seven\Desktop\DEPI (4)\DEPI\HospitalSystem.API\Controllers\AppointmentsController.cs:line 36
   at lambda_method488(Closure, Object)
   at Microsoft.AspNetCore.Mvc.Infrastructure.ActionMethodExecutor.AwaitableObjectResultExecutor.Execute(ActionContext actionContext, IActionResultTypeMapper mapper, ObjectMethodExecutor executor, Object controller, Object[] arguments)
   at Microsoft.AspNetCore.Mvc.Infrastructure.ControllerActionInvoker.<InvokeActionMethodAsync>g__Awaited|12_0(ControllerActionInvoker invoker, ValueTask`1 actionResultValueTask)
   at Microsoft.AspNetCore.Mvc.Infrastructure.ControllerActionInvoker.<InvokeNextActionFilterAsync>g__Awaited|10_0(ControllerActionInvoker invoker, Task lastTask, State next, Scope scope, Object state, Boolean isCompleted)
   at Microsoft.AspNetCore.Mvc.Infrastructure.ControllerActionInvoker.Rethrow(ActionExecutedContextSealed context)
   at Microsoft.AspNetCore.Mvc.Infrastructure.ControllerActionInvoker.Next(State& next, Scope& scope, Object& state, Boolean& isCompleted)
   at Microsoft.AspNetCore.Mvc.Infrastructure.ControllerActionInvoker.<InvokeInnerFilterAsync>g__Awaited|13_0(ControllerActionInvoker invoker, Task lastTask, State next, Scope scope, Object state, Boolean isCompleted)
   at Microsoft.AspNetCore.Mvc.Infrastructure.ResourceInvoker.<InvokeFilterPipelineAsync>g__Awaited|20_0(ResourceInvoker invoker, Task lastTask, State next, Scope scope, Object state, Boolean isCompleted)
   at Microsoft.AspNetCore.Mvc.Infrastructure.ResourceInvoker.<InvokeAsync>g__Awaited|17_0(ResourceInvoker invoker, Task task, IDisposable scope)
   at Microsoft.AspNetCore.Mvc.Infrastructure.ResourceInvoker.<InvokeAsync>g__Awaited|17_0(ResourceInvoker invoker, Task task, IDisposable scope)
   at Microsoft.AspNetCore.Authorization.AuthorizationMiddleware.Invoke(HttpContext context)
   at Microsoft.AspNetCore.Authentication.AuthenticationMiddleware.Invoke(HttpContext context)
   at Swashbuckle.AspNetCore.SwaggerUI.SwaggerUIMiddleware.Invoke(HttpContext httpContext)
   at Swashbuckle.AspNetCore.Swagger.SwaggerMiddleware.Invoke(HttpContext httpContext, ISwaggerProvider swaggerProvider)
   at HospitalSystem.API.Middleware.RequestLoggingMiddleware.InvokeAsync(HttpContext context) in C:\Users\i - seven\Desktop\DEPI (4)\DEPI\HospitalSystem.API\Middleware\RequestLoggingMiddleware.cs:line 19
   at HospitalSystem.API.Middleware.ExceptionHandlingMiddleware.InvokeAsync(HttpContext context) in C:\Users\i - seven\Desktop\DEPI (4)\DEPI\HospitalSystem.API\Middleware\ExceptionHandlingMiddleware.cs:line 24
2026-07-03 07:03:59.427 +03:00 [INF] Executed DbCommand (2ms) [Parameters=[], CommandType='"Text"', CommandTimeout='30']
SELECT [d].[Id], [d].[AppointmentDurationMinutes], [d].[DoctorId], [d].[EndTime], [d].[IsActive], [d].[ScheduleDate], [d].[StartTime]
FROM [DoctorDateSchedules] AS [d]
2026-07-03 07:03:59.432 +03:00 [WRN] Request failed with "BadRequest"
HospitalSystem.Application.Exceptions.ValidationException: Doctor is not available on this date. Set working hours for this date first.
   at HospitalSystem.Application.Services.AppointmentService.GetWorkingHoursForDateAsync(Guid doctorId, DateOnly date, CancellationToken cancellationToken) in C:\Users\i - seven\Desktop\DEPI (4)\DEPI\HospitalSystem.Application\Services\AppointmentService.cs:line 263
   at HospitalSystem.Application.Services.AppointmentService.GetAvailableSlotsAsync(Guid doctorId, DateOnly date, Guid patientId, Nullable`1 excludeAppointmentId, CancellationToken cancellationToken) in C:\Users\i - seven\Desktop\DEPI (4)\DEPI\HospitalSystem.Application\Services\AppointmentService.cs:line 170
   at HospitalSystem.API.Controllers.AppointmentsController.GetAvailableSlots(Guid doctorId, DateOnly date, Guid patientId, Nullable`1 excludeAppointmentId, CancellationToken cancellationToken) in C:\Users\i - seven\Desktop\DEPI (4)\DEPI\HospitalSystem.API\Controllers\AppointmentsController.cs:line 36
   at lambda_method488(Closure, Object)
   at Microsoft.AspNetCore.Mvc.Infrastructure.ActionMethodExecutor.AwaitableObjectResultExecutor.Execute(ActionContext actionContext, IActionResultTypeMapper mapper, ObjectMethodExecutor executor, Object controller, Object[] arguments)
   at Microsoft.AspNetCore.Mvc.Infrastructure.ControllerActionInvoker.<InvokeActionMethodAsync>g__Awaited|12_0(ControllerActionInvoker invoker, ValueTask`1 actionResultValueTask)
   at Microsoft.AspNetCore.Mvc.Infrastructure.ControllerActionInvoker.<InvokeNextActionFilterAsync>g__Awaited|10_0(ControllerActionInvoker invoker, Task lastTask, State next, Scope scope, Object state, Boolean isCompleted)
   at Microsoft.AspNetCore.Mvc.Infrastructure.ControllerActionInvoker.Rethrow(ActionExecutedContextSealed context)
   at Microsoft.AspNetCore.Mvc.Infrastructure.ControllerActionInvoker.Next(State& next, Scope& scope, Object& state, Boolean& isCompleted)
   at Microsoft.AspNetCore.Mvc.Infrastructure.ControllerActionInvoker.<InvokeInnerFilterAsync>g__Awaited|13_0(ControllerActionInvoker invoker, Task lastTask, State next, Scope scope, Object state, Boolean isCompleted)
   at Microsoft.AspNetCore.Mvc.Infrastructure.ResourceInvoker.<InvokeFilterPipelineAsync>g__Awaited|20_0(ResourceInvoker invoker, Task lastTask, State next, Scope scope, Object state, Boolean isCompleted)
   at Microsoft.AspNetCore.Mvc.Infrastructure.ResourceInvoker.<InvokeAsync>g__Awaited|17_0(ResourceInvoker invoker, Task task, IDisposable scope)
   at Microsoft.AspNetCore.Mvc.Infrastructure.ResourceInvoker.<InvokeAsync>g__Awaited|17_0(ResourceInvoker invoker, Task task, IDisposable scope)
   at Microsoft.AspNetCore.Authorization.AuthorizationMiddleware.Invoke(HttpContext context)
   at Microsoft.AspNetCore.Authentication.AuthenticationMiddleware.Invoke(HttpContext context)
   at Swashbuckle.AspNetCore.SwaggerUI.SwaggerUIMiddleware.Invoke(HttpContext httpContext)
   at Swashbuckle.AspNetCore.Swagger.SwaggerMiddleware.Invoke(HttpContext httpContext, ISwaggerProvider swaggerProvider)
   at HospitalSystem.API.Middleware.RequestLoggingMiddleware.InvokeAsync(HttpContext context) in C:\Users\i - seven\Desktop\DEPI (4)\DEPI\HospitalSystem.API\Middleware\RequestLoggingMiddleware.cs:line 19
   at HospitalSystem.API.Middleware.ExceptionHandlingMiddleware.InvokeAsync(HttpContext context) in C:\Users\i - seven\Desktop\DEPI (4)\DEPI\HospitalSystem.API\Middleware\ExceptionHandlingMiddleware.cs:line 24
2026-07-03 07:04:11.374 +03:00 [INF] HTTP OPTIONS /api/doctors responded 204 in 0ms
2026-07-03 07:04:11.375 +03:00 [INF] HTTP OPTIONS /api/patients responded 204 in 0ms
2026-07-03 07:04:11.375 +03:00 [INF] HTTP OPTIONS /api/doctors responded 204 in 0ms
2026-07-03 07:04:11.394 +03:00 [INF] HTTP OPTIONS /api/appointments responded 204 in 0ms
2026-07-03 07:04:11.412 +03:00 [INF] Executed DbCommand (10ms) [Parameters=[], CommandType='"Text"', CommandTimeout='30']
SELECT [d].[Id], [d].[DepartmentId], [d].[FullName], [d].[IsActive], [d].[Phone], [d].[Specialization], [d].[UserId]
FROM [Doctors] AS [d]
2026-07-03 07:04:11.425 +03:00 [INF] Executed DbCommand (22ms) [Parameters=[], CommandType='"Text"', CommandTimeout='30']
SELECT [p].[Id], [p].[Address], [p].[BloodType], [p].[CreatedAt], [p].[DateOfBirth], [p].[Email], [p].[FullName], [p].[Gender], [p].[NationalId], [p].[Phone], [p].[UserId]
FROM [Patients] AS [p]
2026-07-03 07:04:11.430 +03:00 [INF] Executed DbCommand (5ms) [Parameters=[@p='?' (DbType = Guid)], CommandType='"Text"', CommandTimeout='30']
SELECT TOP(1) [d].[Id], [d].[Description], [d].[IsActive], [d].[Name]
FROM [Departments] AS [d]
WHERE [d].[Id] = @p
2026-07-03 07:04:11.433 +03:00 [INF] HTTP GET /api/patients responded 200 in 32ms
2026-07-03 07:04:11.440 +03:00 [INF] HTTP GET /api/doctors responded 200 in 40ms
2026-07-03 07:04:11.444 +03:00 [INF] Executed DbCommand (19ms) [Parameters=[@doctorId='?' (DbType = Guid), @date='?' (DbType = Date)], CommandType='"Text"', CommandTimeout='30']
SELECT [a].[Id], [a].[AppointmentDate], [a].[CreatedAt], [a].[CreatedByReceptionistId], [a].[DoctorId], [a].[EndTime], [a].[Notes], [a].[PatientId], [a].[StartTime], [a].[Status], [a].[UpdatedAt]
FROM [Appointments] AS [a]
WHERE [a].[DoctorId] = @doctorId AND [a].[AppointmentDate] = @date
ORDER BY [a].[StartTime]
2026-07-03 07:04:11.452 +03:00 [INF] Executed DbCommand (5ms) [Parameters=[], CommandType='"Text"', CommandTimeout='30']
SELECT [d].[Id], [d].[DepartmentId], [d].[FullName], [d].[IsActive], [d].[Phone], [d].[Specialization], [d].[UserId]
FROM [Doctors] AS [d]
2026-07-03 07:04:11.455 +03:00 [INF] HTTP GET /api/appointments responded 200 in 36ms
2026-07-03 07:04:11.469 +03:00 [INF] Executed DbCommand (4ms) [Parameters=[@p='?' (DbType = Guid)], CommandType='"Text"', CommandTimeout='30']
SELECT TOP(1) [d].[Id], [d].[Description], [d].[IsActive], [d].[Name]
FROM [Departments] AS [d]
WHERE [d].[Id] = @p
2026-07-03 07:04:11.469 +03:00 [INF] HTTP OPTIONS /api/appointments responded 204 in 0ms
2026-07-03 07:04:11.481 +03:00 [INF] HTTP GET /api/doctors responded 200 in 36ms
2026-07-03 07:04:11.492 +03:00 [INF] HTTP OPTIONS /api/doctors/57d47779-2e9c-42f6-a24d-2de7de3a34e7/date-schedules responded 204 in 0ms
2026-07-03 07:04:11.492 +03:00 [INF] HTTP OPTIONS /api/doctors/3b601f6a-1230-4223-9df7-30235e210b4e/date-schedules responded 204 in 0ms
2026-07-03 07:04:11.501 +03:00 [INF] Executed DbCommand (9ms) [Parameters=[@doctorId='?' (DbType = Guid), @date='?' (DbType = Date)], CommandType='"Text"', CommandTimeout='30']
SELECT [a].[Id], [a].[AppointmentDate], [a].[CreatedAt], [a].[CreatedByReceptionistId], [a].[DoctorId], [a].[EndTime], [a].[Notes], [a].[PatientId], [a].[StartTime], [a].[Status], [a].[UpdatedAt]
FROM [Appointments] AS [a]
WHERE [a].[DoctorId] = @doctorId AND [a].[AppointmentDate] = @date
ORDER BY [a].[StartTime]
2026-07-03 07:04:11.510 +03:00 [INF] Executed DbCommand (9ms) [Parameters=[@p='?' (DbType = Guid)], CommandType='"Text"', CommandTimeout='30']
SELECT TOP(1) [d].[Id], [d].[DepartmentId], [d].[FullName], [d].[IsActive], [d].[Phone], [d].[Specialization], [d].[UserId]
FROM [Doctors] AS [d]
WHERE [d].[Id] = @p
2026-07-03 07:04:11.510 +03:00 [INF] Executed DbCommand (3ms) [Parameters=[@p='?' (DbType = Guid)], CommandType='"Text"', CommandTimeout='30']
SELECT TOP(1) [d].[Id], [d].[DepartmentId], [d].[FullName], [d].[IsActive], [d].[Phone], [d].[Specialization], [d].[UserId]
FROM [Doctors] AS [d]
WHERE [d].[Id] = @p
2026-07-03 07:04:11.515 +03:00 [INF] HTTP GET /api/appointments responded 200 in 32ms
2026-07-03 07:04:11.527 +03:00 [INF] Executed DbCommand (2ms) [Parameters=[], CommandType='"Text"', CommandTimeout='30']
SELECT [d].[Id], [d].[AppointmentDurationMinutes], [d].[DoctorId], [d].[EndTime], [d].[IsActive], [d].[ScheduleDate], [d].[StartTime]
FROM [DoctorDateSchedules] AS [d]
2026-07-03 07:04:11.529 +03:00 [INF] Executed DbCommand (1ms) [Parameters=[], CommandType='"Text"', CommandTimeout='30']
SELECT [d].[Id], [d].[AppointmentDurationMinutes], [d].[DoctorId], [d].[EndTime], [d].[IsActive], [d].[ScheduleDate], [d].[StartTime]
FROM [DoctorDateSchedules] AS [d]
2026-07-03 07:04:11.541 +03:00 [INF] HTTP GET /api/doctors/57d47779-2e9c-42f6-a24d-2de7de3a34e7/date-schedules responded 200 in 41ms
2026-07-03 07:04:11.545 +03:00 [INF] HTTP GET /api/doctors/3b601f6a-1230-4223-9df7-30235e210b4e/date-schedules responded 200 in 43ms
2026-07-03 07:04:13.825 +03:00 [INF] HTTP OPTIONS /api/patients responded 204 in 0ms
2026-07-03 07:04:13.839 +03:00 [INF] Executed DbCommand (2ms) [Parameters=[], CommandType='"Text"', CommandTimeout='30']
SELECT [p].[Id], [p].[Address], [p].[BloodType], [p].[CreatedAt], [p].[DateOfBirth], [p].[Email], [p].[FullName], [p].[Gender], [p].[NationalId], [p].[Phone], [p].[UserId]
FROM [Patients] AS [p]
2026-07-03 07:04:13.850 +03:00 [INF] HTTP GET /api/patients responded 200 in 16ms
2026-07-03 07:04:16.943 +03:00 [INF] HTTP OPTIONS /api/departments responded 204 in 0ms
2026-07-03 07:04:16.989 +03:00 [INF] Executed DbCommand (2ms) [Parameters=[], CommandType='"Text"', CommandTimeout='30']
SELECT [d].[Id], [d].[Description], [d].[IsActive], [d].[Name]
FROM [Departments] AS [d]
2026-07-03 07:04:17.016 +03:00 [INF] HTTP GET /api/departments responded 200 in 32ms
2026-07-03 07:04:38.509 +03:00 [INF] HTTP OPTIONS /api/auth/login responded 204 in 0ms
2026-07-03 07:04:38.517 +03:00 [INF] Executed DbCommand (2ms) [Parameters=[], CommandType='"Text"', CommandTimeout='30']
SELECT [u].[Id], [u].[CreatedAt], [u].[Email], [u].[IsActive], [u].[PasswordHash], [u].[Role]
FROM [Users] AS [u]
2026-07-03 07:04:38.667 +03:00 [INF] HTTP POST /api/auth/login responded 200 in 154ms
2026-07-03 07:04:38.692 +03:00 [INF] HTTP OPTIONS /api/departments responded 204 in 0ms
2026-07-03 07:04:38.702 +03:00 [INF] Executed DbCommand (1ms) [Parameters=[], CommandType='"Text"', CommandTimeout='30']
SELECT [d].[Id], [d].[Description], [d].[IsActive], [d].[Name]
FROM [Departments] AS [d]
2026-07-03 07:04:38.717 +03:00 [INF] HTTP GET /api/departments responded 200 in 19ms
2026-07-03 07:04:41.855 +03:00 [INF] HTTP OPTIONS /api/doctors responded 204 in 0ms
2026-07-03 07:04:41.882 +03:00 [INF] Executed DbCommand (22ms) [Parameters=[], CommandType='"Text"', CommandTimeout='30']
SELECT [d].[Id], [d].[DepartmentId], [d].[FullName], [d].[IsActive], [d].[Phone], [d].[Specialization], [d].[UserId]
FROM [Doctors] AS [d]
2026-07-03 07:04:41.891 +03:00 [INF] Executed DbCommand (1ms) [Parameters=[@p='?' (DbType = Guid)], CommandType='"Text"', CommandTimeout='30']
SELECT TOP(1) [d].[Id], [d].[Description], [d].[IsActive], [d].[Name]
FROM [Departments] AS [d]
WHERE [d].[Id] = @p
2026-07-03 07:04:41.895 +03:00 [INF] HTTP GET /api/doctors responded 200 in 35ms
2026-07-03 07:04:43.234 +03:00 [INF] HTTP OPTIONS /api/doctors/default-date-schedules responded 204 in 0ms
2026-07-03 07:04:43.235 +03:00 [INF] HTTP OPTIONS /api/doctors/applied-date-schedules responded 204 in 0ms
2026-07-03 07:04:43.259 +03:00 [INF] Executed DbCommand (4ms) [Parameters=[], CommandType='"Text"', CommandTimeout='30']
SELECT [d].[Id], [d].[DepartmentId], [d].[FullName], [d].[IsActive], [d].[Phone], [d].[Specialization], [d].[UserId]
FROM [Doctors] AS [d]
2026-07-03 07:04:43.270 +03:00 [INF] Executed DbCommand (5ms) [Parameters=[], CommandType='"Text"', CommandTimeout='30']
SELECT [d].[Id], [d].[AppointmentDurationMinutes], [d].[EndTime], [d].[IsActive], [d].[ScheduleDate], [d].[StartTime]
FROM [DefaultDoctorDateSchedules] AS [d]
2026-07-03 07:04:43.276 +03:00 [INF] Executed DbCommand (6ms) [Parameters=[], CommandType='"Text"', CommandTimeout='30']
SELECT [d].[Id], [d].[AppointmentDurationMinutes], [d].[DoctorId], [d].[EndTime], [d].[IsActive], [d].[ScheduleDate], [d].[StartTime]
FROM [DoctorDateSchedules] AS [d]
2026-07-03 07:04:43.281 +03:00 [INF] HTTP GET /api/doctors/default-date-schedules responded 200 in 41ms
2026-07-03 07:04:43.296 +03:00 [INF] HTTP GET /api/doctors/applied-date-schedules responded 200 in 54ms
2026-07-03 07:05:00.524 +03:00 [INF] HTTP OPTIONS /api/doctors/applied-date-schedules responded 204 in 0ms
2026-07-03 07:05:00.636 +03:00 [INF] Executed DbCommand (1ms) [Parameters=[], CommandType='"Text"', CommandTimeout='30']
SELECT [d].[Id], [d].[DepartmentId], [d].[FullName], [d].[IsActive], [d].[Phone], [d].[Specialization], [d].[UserId]
FROM [Doctors] AS [d]
2026-07-03 07:05:00.643 +03:00 [INF] Executed DbCommand (2ms) [Parameters=[], CommandType='"Text"', CommandTimeout='30']
SELECT [d].[Id], [d].[AppointmentDurationMinutes], [d].[DoctorId], [d].[EndTime], [d].[IsActive], [d].[ScheduleDate], [d].[StartTime]
FROM [DoctorDateSchedules] AS [d]
2026-07-03 07:05:00.828 +03:00 [INF] Executed DbCommand (37ms) [Parameters=[@p0='?' (DbType = Guid), @p1='?' (DbType = Int32), @p2='?' (DbType = Guid), @p3='?' (DbType = Time), @p4='?' (DbType = Boolean), @p5='?' (DbType = Date), @p6='?' (DbType = Time)], CommandType='"Text"', CommandTimeout='30']
SET IMPLICIT_TRANSACTIONS OFF;
SET NOCOUNT ON;
INSERT INTO [DoctorDateSchedules] ([Id], [AppointmentDurationMinutes], [DoctorId], [EndTime], [IsActive], [ScheduleDate], [StartTime])
VALUES (@p0, @p1, @p2, @p3, @p4, @p5, @p6);
2026-07-03 07:05:00.849 +03:00 [INF] Executed DbCommand (1ms) [Parameters=[], CommandType='"Text"', CommandTimeout='30']
SELECT [d].[Id], [d].[AppointmentDurationMinutes], [d].[DoctorId], [d].[EndTime], [d].[IsActive], [d].[ScheduleDate], [d].[StartTime]
FROM [DoctorDateSchedules] AS [d]
2026-07-03 07:05:00.855 +03:00 [INF] Executed DbCommand (1ms) [Parameters=[@p0='?' (DbType = Guid), @p1='?' (DbType = Int32), @p2='?' (DbType = Guid), @p3='?' (DbType = Time), @p4='?' (DbType = Boolean), @p5='?' (DbType = Date), @p6='?' (DbType = Time)], CommandType='"Text"', CommandTimeout='30']
SET IMPLICIT_TRANSACTIONS OFF;
SET NOCOUNT ON;
INSERT INTO [DoctorDateSchedules] ([Id], [AppointmentDurationMinutes], [DoctorId], [EndTime], [IsActive], [ScheduleDate], [StartTime])
VALUES (@p0, @p1, @p2, @p3, @p4, @p5, @p6);
2026-07-03 07:05:00.867 +03:00 [INF] HTTP PUT /api/doctors/applied-date-schedules responded 200 in 336ms
2026-07-03 07:05:00.876 +03:00 [INF] Executed DbCommand (1ms) [Parameters=[], CommandType='"Text"', CommandTimeout='30']
SELECT [d].[Id], [d].[DepartmentId], [d].[FullName], [d].[IsActive], [d].[Phone], [d].[Specialization], [d].[UserId]
FROM [Doctors] AS [d]
2026-07-03 07:05:00.886 +03:00 [INF] Executed DbCommand (4ms) [Parameters=[], CommandType='"Text"', CommandTimeout='30']
SELECT [d].[Id], [d].[AppointmentDurationMinutes], [d].[DoctorId], [d].[EndTime], [d].[IsActive], [d].[ScheduleDate], [d].[StartTime]
FROM [DoctorDateSchedules] AS [d]
2026-07-03 07:05:00.901 +03:00 [INF] HTTP GET /api/doctors/applied-date-schedules responded 200 in 26ms
2026-07-03 07:05:06.152 +03:00 [INF] HTTP OPTIONS /api/doctors/applied-date-schedules responded 204 in 0ms
2026-07-03 07:05:06.159 +03:00 [INF] Executed DbCommand (0ms) [Parameters=[], CommandType='"Text"', CommandTimeout='30']
SELECT [d].[Id], [d].[DepartmentId], [d].[FullName], [d].[IsActive], [d].[Phone], [d].[Specialization], [d].[UserId]
FROM [Doctors] AS [d]
2026-07-03 07:05:06.163 +03:00 [INF] Executed DbCommand (0ms) [Parameters=[], CommandType='"Text"', CommandTimeout='30']
SELECT [d].[Id], [d].[AppointmentDurationMinutes], [d].[DoctorId], [d].[EndTime], [d].[IsActive], [d].[ScheduleDate], [d].[StartTime]
FROM [DoctorDateSchedules] AS [d]
2026-07-03 07:05:06.167 +03:00 [INF] Executed DbCommand (1ms) [Parameters=[@p0='?' (DbType = Guid), @p1='?' (DbType = Int32), @p2='?' (DbType = Guid), @p3='?' (DbType = Time), @p4='?' (DbType = Boolean), @p5='?' (DbType = Date), @p6='?' (DbType = Time)], CommandType='"Text"', CommandTimeout='30']
SET IMPLICIT_TRANSACTIONS OFF;
SET NOCOUNT ON;
INSERT INTO [DoctorDateSchedules] ([Id], [AppointmentDurationMinutes], [DoctorId], [EndTime], [IsActive], [ScheduleDate], [StartTime])
VALUES (@p0, @p1, @p2, @p3, @p4, @p5, @p6);
2026-07-03 07:05:06.173 +03:00 [INF] Executed DbCommand (1ms) [Parameters=[], CommandType='"Text"', CommandTimeout='30']
SELECT [d].[Id], [d].[AppointmentDurationMinutes], [d].[DoctorId], [d].[EndTime], [d].[IsActive], [d].[ScheduleDate], [d].[StartTime]
FROM [DoctorDateSchedules] AS [d]
2026-07-03 07:05:06.182 +03:00 [INF] Executed DbCommand (0ms) [Parameters=[@p0='?' (DbType = Guid), @p1='?' (DbType = Int32), @p2='?' (DbType = Guid), @p3='?' (DbType = Time), @p4='?' (DbType = Boolean), @p5='?' (DbType = Date), @p6='?' (DbType = Time)], CommandType='"Text"', CommandTimeout='30']
SET IMPLICIT_TRANSACTIONS OFF;
SET NOCOUNT ON;
INSERT INTO [DoctorDateSchedules] ([Id], [AppointmentDurationMinutes], [DoctorId], [EndTime], [IsActive], [ScheduleDate], [StartTime])
VALUES (@p0, @p1, @p2, @p3, @p4, @p5, @p6);
2026-07-03 07:05:06.186 +03:00 [INF] HTTP PUT /api/doctors/applied-date-schedules responded 200 in 30ms
2026-07-03 07:05:06.196 +03:00 [INF] Executed DbCommand (0ms) [Parameters=[], CommandType='"Text"', CommandTimeout='30']
SELECT [d].[Id], [d].[DepartmentId], [d].[FullName], [d].[IsActive], [d].[Phone], [d].[Specialization], [d].[UserId]
FROM [Doctors] AS [d]
2026-07-03 07:05:06.200 +03:00 [INF] Executed DbCommand (0ms) [Parameters=[], CommandType='"Text"', CommandTimeout='30']
SELECT [d].[Id], [d].[AppointmentDurationMinutes], [d].[DoctorId], [d].[EndTime], [d].[IsActive], [d].[ScheduleDate], [d].[StartTime]
FROM [DoctorDateSchedules] AS [d]
2026-07-03 07:05:06.209 +03:00 [INF] HTTP GET /api/doctors/applied-date-schedules responded 200 in 13ms
2026-07-03 07:05:11.424 +03:00 [INF] HTTP OPTIONS /api/doctors/applied-date-schedules responded 204 in 0ms
2026-07-03 07:05:11.431 +03:00 [INF] Executed DbCommand (0ms) [Parameters=[], CommandType='"Text"', CommandTimeout='30']
SELECT [d].[Id], [d].[DepartmentId], [d].[FullName], [d].[IsActive], [d].[Phone], [d].[Specialization], [d].[UserId]
FROM [Doctors] AS [d]
2026-07-03 07:05:11.438 +03:00 [INF] Executed DbCommand (0ms) [Parameters=[], CommandType='"Text"', CommandTimeout='30']
SELECT [d].[Id], [d].[AppointmentDurationMinutes], [d].[DoctorId], [d].[EndTime], [d].[IsActive], [d].[ScheduleDate], [d].[StartTime]
FROM [DoctorDateSchedules] AS [d]
2026-07-03 07:05:11.666 +03:00 [INF] Executed DbCommand (224ms) [Parameters=[@p0='?' (DbType = Guid), @p1='?' (DbType = Int32), @p2='?' (DbType = Guid), @p3='?' (DbType = Time), @p4='?' (DbType = Boolean), @p5='?' (DbType = Date), @p6='?' (DbType = Time)], CommandType='"Text"', CommandTimeout='30']
SET IMPLICIT_TRANSACTIONS OFF;
SET NOCOUNT ON;
INSERT INTO [DoctorDateSchedules] ([Id], [AppointmentDurationMinutes], [DoctorId], [EndTime], [IsActive], [ScheduleDate], [StartTime])
VALUES (@p0, @p1, @p2, @p3, @p4, @p5, @p6);
2026-07-03 07:05:11.672 +03:00 [INF] Executed DbCommand (0ms) [Parameters=[], CommandType='"Text"', CommandTimeout='30']
SELECT [d].[Id], [d].[AppointmentDurationMinutes], [d].[DoctorId], [d].[EndTime], [d].[IsActive], [d].[ScheduleDate], [d].[StartTime]
FROM [DoctorDateSchedules] AS [d]
2026-07-03 07:05:11.677 +03:00 [INF] Executed DbCommand (1ms) [Parameters=[@p0='?' (DbType = Guid), @p1='?' (DbType = Int32), @p2='?' (DbType = Guid), @p3='?' (DbType = Time), @p4='?' (DbType = Boolean), @p5='?' (DbType = Date), @p6='?' (DbType = Time)], CommandType='"Text"', CommandTimeout='30']
SET IMPLICIT_TRANSACTIONS OFF;
SET NOCOUNT ON;
INSERT INTO [DoctorDateSchedules] ([Id], [AppointmentDurationMinutes], [DoctorId], [EndTime], [IsActive], [ScheduleDate], [StartTime])
VALUES (@p0, @p1, @p2, @p3, @p4, @p5, @p6);
2026-07-03 07:05:11.681 +03:00 [INF] HTTP PUT /api/doctors/applied-date-schedules responded 200 in 253ms
2026-07-03 07:05:11.690 +03:00 [INF] Executed DbCommand (0ms) [Parameters=[], CommandType='"Text"', CommandTimeout='30']
SELECT [d].[Id], [d].[DepartmentId], [d].[FullName], [d].[IsActive], [d].[Phone], [d].[Specialization], [d].[UserId]
FROM [Doctors] AS [d]
2026-07-03 07:05:11.694 +03:00 [INF] Executed DbCommand (0ms) [Parameters=[], CommandType='"Text"', CommandTimeout='30']
SELECT [d].[Id], [d].[AppointmentDurationMinutes], [d].[DoctorId], [d].[EndTime], [d].[IsActive], [d].[ScheduleDate], [d].[StartTime]
FROM [DoctorDateSchedules] AS [d]
2026-07-03 07:05:11.700 +03:00 [INF] HTTP GET /api/doctors/applied-date-schedules responded 200 in 11ms
2026-07-03 07:05:15.785 +03:00 [INF] HTTP OPTIONS /api/receptionists responded 204 in 0ms
2026-07-03 07:05:15.894 +03:00 [INF] Executed DbCommand (79ms) [Parameters=[], CommandType='"Text"', CommandTimeout='30']
SELECT [r].[Id], [r].[FullName], [r].[IsActive], [r].[Phone], [r].[UserId]
FROM [Receptionists] AS [r]
2026-07-03 07:05:15.911 +03:00 [INF] HTTP GET /api/receptionists responded 200 in 122ms
2026-07-03 07:05:28.965 +03:00 [INF] HTTP OPTIONS /api/auth/login responded 204 in 0ms
2026-07-03 07:05:28.971 +03:00 [INF] Executed DbCommand (1ms) [Parameters=[], CommandType='"Text"', CommandTimeout='30']
SELECT [u].[Id], [u].[CreatedAt], [u].[Email], [u].[IsActive], [u].[PasswordHash], [u].[Role]
FROM [Users] AS [u]
2026-07-03 07:05:29.114 +03:00 [INF] HTTP POST /api/auth/login responded 200 in 146ms
2026-07-03 07:05:29.135 +03:00 [INF] HTTP OPTIONS /api/patients responded 204 in 0ms
2026-07-03 07:05:29.148 +03:00 [INF] Executed DbCommand (5ms) [Parameters=[], CommandType='"Text"', CommandTimeout='30']
SELECT [p].[Id], [p].[Address], [p].[BloodType], [p].[CreatedAt], [p].[DateOfBirth], [p].[Email], [p].[FullName], [p].[Gender], [p].[NationalId], [p].[Phone], [p].[UserId]
FROM [Patients] AS [p]
2026-07-03 07:05:29.153 +03:00 [INF] HTTP GET /api/patients responded 200 in 12ms
2026-07-03 07:05:30.348 +03:00 [INF] HTTP OPTIONS /api/doctors responded 204 in 0ms
2026-07-03 07:05:30.350 +03:00 [INF] HTTP OPTIONS /api/doctors responded 204 in 0ms
2026-07-03 07:05:30.351 +03:00 [INF] HTTP OPTIONS /api/patients responded 204 in 0ms
2026-07-03 07:05:30.351 +03:00 [INF] HTTP OPTIONS /api/appointments responded 204 in 0ms
2026-07-03 07:05:30.356 +03:00 [INF] Executed DbCommand (1ms) [Parameters=[], CommandType='"Text"', CommandTimeout='30']
SELECT [d].[Id], [d].[DepartmentId], [d].[FullName], [d].[IsActive], [d].[Phone], [d].[Specialization], [d].[UserId]
FROM [Doctors] AS [d]
2026-07-03 07:05:30.363 +03:00 [INF] Executed DbCommand (3ms) [Parameters=[], CommandType='"Text"', CommandTimeout='30']
SELECT [p].[Id], [p].[Address], [p].[BloodType], [p].[CreatedAt], [p].[DateOfBirth], [p].[Email], [p].[FullName], [p].[Gender], [p].[NationalId], [p].[Phone], [p].[UserId]
FROM [Patients] AS [p]
2026-07-03 07:05:30.365 +03:00 [INF] Executed DbCommand (3ms) [Parameters=[@p='?' (DbType = Guid)], CommandType='"Text"', CommandTimeout='30']
SELECT TOP(1) [d].[Id], [d].[Description], [d].[IsActive], [d].[Name]
FROM [Departments] AS [d]
WHERE [d].[Id] = @p
2026-07-03 07:05:30.370 +03:00 [INF] Executed DbCommand (6ms) [Parameters=[@doctorId='?' (DbType = Guid), @date='?' (DbType = Date)], CommandType='"Text"', CommandTimeout='30']
SELECT [a].[Id], [a].[AppointmentDate], [a].[CreatedAt], [a].[CreatedByReceptionistId], [a].[DoctorId], [a].[EndTime], [a].[Notes], [a].[PatientId], [a].[StartTime], [a].[Status], [a].[UpdatedAt]
FROM [Appointments] AS [a]
WHERE [a].[DoctorId] = @doctorId AND [a].[AppointmentDate] = @date
ORDER BY [a].[StartTime]
2026-07-03 07:05:30.370 +03:00 [INF] HTTP GET /api/patients responded 200 in 12ms
2026-07-03 07:05:30.382 +03:00 [INF] HTTP GET /api/doctors responded 200 in 29ms
2026-07-03 07:05:30.385 +03:00 [INF] Executed DbCommand (0ms) [Parameters=[], CommandType='"Text"', CommandTimeout='30']
SELECT [d].[Id], [d].[DepartmentId], [d].[FullName], [d].[IsActive], [d].[Phone], [d].[Specialization], [d].[UserId]
FROM [Doctors] AS [d]
2026-07-03 07:05:30.394 +03:00 [INF] HTTP GET /api/appointments responded 200 in 33ms
2026-07-03 07:05:30.404 +03:00 [INF] Executed DbCommand (0ms) [Parameters=[@p='?' (DbType = Guid)], CommandType='"Text"', CommandTimeout='30']
SELECT TOP(1) [d].[Id], [d].[Description], [d].[IsActive], [d].[Name]
FROM [Departments] AS [d]
WHERE [d].[Id] = @p
2026-07-03 07:05:30.412 +03:00 [INF] HTTP OPTIONS /api/appointments responded 204 in 0ms
2026-07-03 07:05:30.413 +03:00 [INF] HTTP GET /api/doctors responded 200 in 29ms
2026-07-03 07:05:30.419 +03:00 [INF] Executed DbCommand (0ms) [Parameters=[@doctorId='?' (DbType = Guid), @date='?' (DbType = Date)], CommandType='"Text"', CommandTimeout='30']
SELECT [a].[Id], [a].[AppointmentDate], [a].[CreatedAt], [a].[CreatedByReceptionistId], [a].[DoctorId], [a].[EndTime], [a].[Notes], [a].[PatientId], [a].[StartTime], [a].[Status], [a].[UpdatedAt]
FROM [Appointments] AS [a]
WHERE [a].[DoctorId] = @doctorId AND [a].[AppointmentDate] = @date
ORDER BY [a].[StartTime]
2026-07-03 07:05:30.425 +03:00 [INF] HTTP OPTIONS /api/doctors/57d47779-2e9c-42f6-a24d-2de7de3a34e7/date-schedules responded 204 in 0ms
2026-07-03 07:05:30.425 +03:00 [INF] HTTP OPTIONS /api/doctors/3b601f6a-1230-4223-9df7-30235e210b4e/date-schedules responded 204 in 0ms
2026-07-03 07:05:30.427 +03:00 [INF] HTTP GET /api/appointments responded 200 in 10ms
2026-07-03 07:05:30.434 +03:00 [INF] Executed DbCommand (1ms) [Parameters=[@p='?' (DbType = Guid)], CommandType='"Text"', CommandTimeout='30']
SELECT TOP(1) [d].[Id], [d].[DepartmentId], [d].[FullName], [d].[IsActive], [d].[Phone], [d].[Specialization], [d].[UserId]
FROM [Doctors] AS [d]
WHERE [d].[Id] = @p
2026-07-03 07:05:30.441 +03:00 [INF] Executed DbCommand (1ms) [Parameters=[@p='?' (DbType = Guid)], CommandType='"Text"', CommandTimeout='30']
SELECT TOP(1) [d].[Id], [d].[DepartmentId], [d].[FullName], [d].[IsActive], [d].[Phone], [d].[Specialization], [d].[UserId]
FROM [Doctors] AS [d]
WHERE [d].[Id] = @p
2026-07-03 07:05:30.443 +03:00 [INF] Executed DbCommand (0ms) [Parameters=[], CommandType='"Text"', CommandTimeout='30']
SELECT [d].[Id], [d].[AppointmentDurationMinutes], [d].[DoctorId], [d].[EndTime], [d].[IsActive], [d].[ScheduleDate], [d].[StartTime]
FROM [DoctorDateSchedules] AS [d]
2026-07-03 07:05:30.447 +03:00 [INF] Executed DbCommand (1ms) [Parameters=[], CommandType='"Text"', CommandTimeout='30']
SELECT [d].[Id], [d].[AppointmentDurationMinutes], [d].[DoctorId], [d].[EndTime], [d].[IsActive], [d].[ScheduleDate], [d].[StartTime]
FROM [DoctorDateSchedules] AS [d]
2026-07-03 07:05:30.455 +03:00 [INF] HTTP GET /api/doctors/57d47779-2e9c-42f6-a24d-2de7de3a34e7/date-schedules responded 200 in 23ms
2026-07-03 07:05:30.459 +03:00 [INF] HTTP GET /api/doctors/3b601f6a-1230-4223-9df7-30235e210b4e/date-schedules responded 200 in 23ms
2026-07-03 07:05:31.119 +03:00 [INF] HTTP OPTIONS /api/departments responded 204 in 0ms
2026-07-03 07:05:31.124 +03:00 [INF] Executed DbCommand (2ms) [Parameters=[], CommandType='"Text"', CommandTimeout='30']
SELECT [d].[Id], [d].[Description], [d].[IsActive], [d].[Name]
FROM [Departments] AS [d]
2026-07-03 07:05:31.129 +03:00 [INF] HTTP GET /api/departments responded 200 in 7ms
2026-07-03 07:05:36.148 +03:00 [INF] HTTP OPTIONS /api/doctors/department/1d1b4bb6-66f3-4808-baf4-a7dd7f082562 responded 204 in 0ms
2026-07-03 07:05:36.158 +03:00 [INF] Executed DbCommand (3ms) [Parameters=[@departmentId='?' (DbType = Guid)], CommandType='"Text"', CommandTimeout='30']
SELECT [d].[Id], [d].[DepartmentId], [d].[FullName], [d].[IsActive], [d].[Phone], [d].[Specialization], [d].[UserId], [d0].[Id], [d0].[Description], [d0].[IsActive], [d0].[Name]
FROM [Doctors] AS [d]
INNER JOIN [Departments] AS [d0] ON [d].[DepartmentId] = [d0].[Id]
WHERE [d].[DepartmentId] = @departmentId AND [d].[IsActive] = CAST(1 AS bit)
2026-07-03 07:05:36.165 +03:00 [INF] HTTP GET /api/doctors/department/1d1b4bb6-66f3-4808-baf4-a7dd7f082562 responded 200 in 13ms
2026-07-03 07:06:01.858 +03:00 [INF] HTTP OPTIONS /api/appointments/available-slots responded 204 in 0ms
2026-07-03 07:06:01.865 +03:00 [INF] Executed DbCommand (1ms) [Parameters=[], CommandType='"Text"', CommandTimeout='30']
SELECT [d].[Id], [d].[AppointmentDurationMinutes], [d].[DoctorId], [d].[EndTime], [d].[IsActive], [d].[ScheduleDate], [d].[StartTime]
FROM [DoctorDateSchedules] AS [d]
2026-07-03 07:06:01.869 +03:00 [INF] Executed DbCommand (0ms) [Parameters=[@doctorId='?' (DbType = Guid), @date='?' (DbType = Date)], CommandType='"Text"', CommandTimeout='30']
SELECT [a].[Id], [a].[AppointmentDate], [a].[CreatedAt], [a].[CreatedByReceptionistId], [a].[DoctorId], [a].[EndTime], [a].[Notes], [a].[PatientId], [a].[StartTime], [a].[Status], [a].[UpdatedAt]
FROM [Appointments] AS [a]
WHERE [a].[DoctorId] = @doctorId AND [a].[AppointmentDate] = @date
ORDER BY [a].[StartTime]
2026-07-03 07:06:01.900 +03:00 [INF] Executed DbCommand (16ms) [Parameters=[@patientId='?' (DbType = Guid)], CommandType='"Text"', CommandTimeout='30']
SELECT [a].[Id], [a].[AppointmentDate], [a].[CreatedAt], [a].[CreatedByReceptionistId], [a].[DoctorId], [a].[EndTime], [a].[Notes], [a].[PatientId], [a].[StartTime], [a].[Status], [a].[UpdatedAt]
FROM [Appointments] AS [a]
WHERE [a].[PatientId] = @patientId
ORDER BY [a].[AppointmentDate] DESC, [a].[StartTime] DESC
2026-07-03 07:06:01.930 +03:00 [INF] HTTP GET /api/appointments/available-slots responded 200 in 68ms
2026-07-03 07:06:08.889 +03:00 [INF] HTTP OPTIONS /api/appointments responded 204 in 0ms
2026-07-03 07:06:08.934 +03:00 [INF] Executed DbCommand (0ms) [Parameters=[@p='?' (DbType = Guid)], CommandType='"Text"', CommandTimeout='30']
SELECT TOP(1) [d].[Id], [d].[DepartmentId], [d].[FullName], [d].[IsActive], [d].[Phone], [d].[Specialization], [d].[UserId]
FROM [Doctors] AS [d]
WHERE [d].[Id] = @p
2026-07-03 07:06:08.947 +03:00 [INF] Executed DbCommand (1ms) [Parameters=[@p='?' (DbType = Guid)], CommandType='"Text"', CommandTimeout='30']
SELECT TOP(1) [p].[Id], [p].[Address], [p].[BloodType], [p].[CreatedAt], [p].[DateOfBirth], [p].[Email], [p].[FullName], [p].[Gender], [p].[NationalId], [p].[Phone], [p].[UserId]
FROM [Patients] AS [p]
WHERE [p].[Id] = @p
2026-07-03 07:06:08.951 +03:00 [INF] Executed DbCommand (0ms) [Parameters=[], CommandType='"Text"', CommandTimeout='30']
SELECT [d].[Id], [d].[AppointmentDurationMinutes], [d].[DoctorId], [d].[EndTime], [d].[IsActive], [d].[ScheduleDate], [d].[StartTime]
FROM [DoctorDateSchedules] AS [d]
2026-07-03 07:06:08.977 +03:00 [INF] Executed DbCommand (9ms) [Parameters=[@doctorId='?' (DbType = Guid), @date='?' (DbType = Date), @endTime='?' (DbType = Time), @startTime='?' (DbType = Time)], CommandType='"Text"', CommandTimeout='30']
SELECT CASE
    WHEN EXISTS (
        SELECT 1
        FROM [Appointments] AS [a]
        WHERE [a].[DoctorId] = @doctorId AND [a].[AppointmentDate] = @date AND [a].[Status] <> N'Cancelled' AND [a].[StartTime] < @endTime AND [a].[EndTime] > @startTime) THEN CAST(1 AS bit)
    ELSE CAST(0 AS bit)
END
2026-07-03 07:06:08.999 +03:00 [INF] Executed DbCommand (10ms) [Parameters=[@patientId='?' (DbType = Guid), @date='?' (DbType = Date), @endTime='?' (DbType = Time), @startTime='?' (DbType = Time)], CommandType='"Text"', CommandTimeout='30']
SELECT CASE
    WHEN EXISTS (
        SELECT 1
        FROM [Appointments] AS [a]
        WHERE [a].[PatientId] = @patientId AND [a].[AppointmentDate] = @date AND [a].[Status] <> N'Cancelled' AND [a].[StartTime] < @endTime AND [a].[EndTime] > @startTime) THEN CAST(1 AS bit)
    ELSE CAST(0 AS bit)
END
2026-07-03 07:06:09.053 +03:00 [INF] Executed DbCommand (9ms) [Parameters=[@p0='?' (DbType = Guid), @p1='?' (DbType = Date), @p2='?' (DbType = DateTime2), @p3='?' (DbType = Guid), @p4='?' (DbType = Guid), @p5='?' (DbType = Time), @p6='?' (Size = 2000), @p7='?' (DbType = Guid), @p8='?' (DbType = Time), @p9='?' (Size = 50), @p10='?' (DbType = DateTime2)], CommandType='"Text"', CommandTimeout='30']
SET IMPLICIT_TRANSACTIONS OFF;
SET NOCOUNT ON;
INSERT INTO [Appointments] ([Id], [AppointmentDate], [CreatedAt], [CreatedByReceptionistId], [DoctorId], [EndTime], [Notes], [PatientId], [StartTime], [Status], [UpdatedAt])
VALUES (@p0, @p1, @p2, @p3, @p4, @p5, @p6, @p7, @p8, @p9, @p10);
2026-07-03 07:06:09.058 +03:00 [INF] Appointment booked "e86d6a85-c40b-4966-809d-e451782a5cea" for patient "eaa28d89-1379-417b-8ce4-815f9e5748a9" with doctor "57d47779-2e9c-42f6-a24d-2de7de3a34e7" on "2026-07-03" at "09:00:00" by receptionist "b4587591-d708-46f5-b95a-1a860eb4b9f5"
2026-07-03 07:06:09.067 +03:00 [INF] HTTP POST /api/appointments responded 200 in 174ms
2026-07-03 07:06:11.860 +03:00 [INF] HTTP OPTIONS /api/doctors responded 204 in 0ms
2026-07-03 07:06:11.860 +03:00 [INF] HTTP OPTIONS /api/patients responded 204 in 0ms
2026-07-03 07:06:11.861 +03:00 [INF] HTTP OPTIONS /api/appointments responded 204 in 0ms
2026-07-03 07:06:11.861 +03:00 [INF] HTTP OPTIONS /api/doctors responded 204 in 0ms
2026-07-03 07:06:11.867 +03:00 [INF] Executed DbCommand (2ms) [Parameters=[], CommandType='"Text"', CommandTimeout='30']
SELECT [d].[Id], [d].[DepartmentId], [d].[FullName], [d].[IsActive], [d].[Phone], [d].[Specialization], [d].[UserId]
FROM [Doctors] AS [d]
2026-07-03 07:06:11.868 +03:00 [INF] Executed DbCommand (1ms) [Parameters=[], CommandType='"Text"', CommandTimeout='30']
SELECT [p].[Id], [p].[Address], [p].[BloodType], [p].[CreatedAt], [p].[DateOfBirth], [p].[Email], [p].[FullName], [p].[Gender], [p].[NationalId], [p].[Phone], [p].[UserId]
FROM [Patients] AS [p]
2026-07-03 07:06:11.876 +03:00 [INF] Executed DbCommand (4ms) [Parameters=[@doctorId='?' (DbType = Guid), @date='?' (DbType = Date)], CommandType='"Text"', CommandTimeout='30']
SELECT [a].[Id], [a].[AppointmentDate], [a].[CreatedAt], [a].[CreatedByReceptionistId], [a].[DoctorId], [a].[EndTime], [a].[Notes], [a].[PatientId], [a].[StartTime], [a].[Status], [a].[UpdatedAt]
FROM [Appointments] AS [a]
WHERE [a].[DoctorId] = @doctorId AND [a].[AppointmentDate] = @date
ORDER BY [a].[StartTime]
2026-07-03 07:06:11.880 +03:00 [INF] Executed DbCommand (2ms) [Parameters=[@p='?' (DbType = Guid)], CommandType='"Text"', CommandTimeout='30']
SELECT TOP(1) [d].[Id], [d].[Description], [d].[IsActive], [d].[Name]
FROM [Departments] AS [d]
WHERE [d].[Id] = @p
2026-07-03 07:06:11.886 +03:00 [INF] HTTP GET /api/patients responded 200 in 20ms
2026-07-03 07:06:11.897 +03:00 [INF] Executed DbCommand (1ms) [Parameters=[@p='?' (DbType = Guid)], CommandType='"Text"', CommandTimeout='30']
SELECT TOP(1) [p].[Id], [p].[Address], [p].[BloodType], [p].[CreatedAt], [p].[DateOfBirth], [p].[Email], [p].[FullName], [p].[Gender], [p].[NationalId], [p].[Phone], [p].[UserId]
FROM [Patients] AS [p]
WHERE [p].[Id] = @p
2026-07-03 07:06:11.901 +03:00 [INF] HTTP GET /api/doctors responded 200 in 37ms
2026-07-03 07:06:11.905 +03:00 [INF] Executed DbCommand (1ms) [Parameters=[], CommandType='"Text"', CommandTimeout='30']
SELECT [d].[Id], [d].[DepartmentId], [d].[FullName], [d].[IsActive], [d].[Phone], [d].[Specialization], [d].[UserId]
FROM [Doctors] AS [d]
2026-07-03 07:06:11.912 +03:00 [INF] Executed DbCommand (2ms) [Parameters=[@p='?' (DbType = Guid)], CommandType='"Text"', CommandTimeout='30']
SELECT TOP(1) [d].[Id], [d].[DepartmentId], [d].[FullName], [d].[IsActive], [d].[Phone], [d].[Specialization], [d].[UserId]
FROM [Doctors] AS [d]
WHERE [d].[Id] = @p
2026-07-03 07:06:11.918 +03:00 [INF] Executed DbCommand (0ms) [Parameters=[@p='?' (DbType = Guid)], CommandType='"Text"', CommandTimeout='30']
SELECT TOP(1) [d].[Id], [d].[Description], [d].[IsActive], [d].[Name]
FROM [Departments] AS [d]
WHERE [d].[Id] = @p
2026-07-03 07:06:11.922 +03:00 [INF] HTTP GET /api/appointments responded 200 in 52ms
2026-07-03 07:06:11.929 +03:00 [INF] HTTP GET /api/doctors responded 200 in 26ms
2026-07-03 07:06:11.934 +03:00 [INF] HTTP OPTIONS /api/appointments responded 204 in 0ms
2026-07-03 07:06:11.937 +03:00 [INF] HTTP OPTIONS /api/doctors/57d47779-2e9c-42f6-a24d-2de7de3a34e7/date-schedules responded 204 in 0ms
2026-07-03 07:06:11.938 +03:00 [INF] HTTP OPTIONS /api/doctors/3b601f6a-1230-4223-9df7-30235e210b4e/date-schedules responded 204 in 0ms
2026-07-03 07:06:11.946 +03:00 [INF] Executed DbCommand (5ms) [Parameters=[@doctorId='?' (DbType = Guid), @date='?' (DbType = Date)], CommandType='"Text"', CommandTimeout='30']
SELECT [a].[Id], [a].[AppointmentDate], [a].[CreatedAt], [a].[CreatedByReceptionistId], [a].[DoctorId], [a].[EndTime], [a].[Notes], [a].[PatientId], [a].[StartTime], [a].[Status], [a].[UpdatedAt]
FROM [Appointments] AS [a]
WHERE [a].[DoctorId] = @doctorId AND [a].[AppointmentDate] = @date
ORDER BY [a].[StartTime]
2026-07-03 07:06:11.946 +03:00 [INF] Executed DbCommand (1ms) [Parameters=[@p='?' (DbType = Guid)], CommandType='"Text"', CommandTimeout='30']
SELECT TOP(1) [d].[Id], [d].[DepartmentId], [d].[FullName], [d].[IsActive], [d].[Phone], [d].[Specialization], [d].[UserId]
FROM [Doctors] AS [d]
WHERE [d].[Id] = @p
2026-07-03 07:06:11.948 +03:00 [INF] Executed DbCommand (1ms) [Parameters=[@p='?' (DbType = Guid)], CommandType='"Text"', CommandTimeout='30']
SELECT TOP(1) [d].[Id], [d].[DepartmentId], [d].[FullName], [d].[IsActive], [d].[Phone], [d].[Specialization], [d].[UserId]
FROM [Doctors] AS [d]
WHERE [d].[Id] = @p
2026-07-03 07:06:11.951 +03:00 [INF] HTTP GET /api/appointments responded 200 in 13ms
2026-07-03 07:06:11.955 +03:00 [INF] Executed DbCommand (1ms) [Parameters=[], CommandType='"Text"', CommandTimeout='30']
SELECT [d].[Id], [d].[AppointmentDurationMinutes], [d].[DoctorId], [d].[EndTime], [d].[IsActive], [d].[ScheduleDate], [d].[StartTime]
FROM [DoctorDateSchedules] AS [d]
2026-07-03 07:06:11.964 +03:00 [INF] Executed DbCommand (1ms) [Parameters=[], CommandType='"Text"', CommandTimeout='30']
SELECT [d].[Id], [d].[AppointmentDurationMinutes], [d].[DoctorId], [d].[EndTime], [d].[IsActive], [d].[ScheduleDate], [d].[StartTime]
FROM [DoctorDateSchedules] AS [d]
2026-07-03 07:06:11.969 +03:00 [INF] HTTP GET /api/doctors/57d47779-2e9c-42f6-a24d-2de7de3a34e7/date-schedules responded 200 in 27ms
2026-07-03 07:06:11.976 +03:00 [INF] HTTP GET /api/doctors/3b601f6a-1230-4223-9df7-30235e210b4e/date-schedules responded 200 in 31ms
2026-07-03 07:06:15.149 +03:00 [INF] HTTP OPTIONS /api/appointments/e86d6a85-c40b-4966-809d-e451782a5cea responded 204 in 0ms
2026-07-03 07:06:15.185 +03:00 [INF] Executed DbCommand (1ms) [Parameters=[@p='?' (DbType = Guid)], CommandType='"Text"', CommandTimeout='30']
SELECT TOP(1) [a].[Id], [a].[AppointmentDate], [a].[CreatedAt], [a].[CreatedByReceptionistId], [a].[DoctorId], [a].[EndTime], [a].[Notes], [a].[PatientId], [a].[StartTime], [a].[Status], [a].[UpdatedAt]
FROM [Appointments] AS [a]
WHERE [a].[Id] = @p
2026-07-03 07:06:15.189 +03:00 [INF] Executed DbCommand (0ms) [Parameters=[@p='?' (DbType = Guid)], CommandType='"Text"', CommandTimeout='30']
SELECT TOP(1) [p].[Id], [p].[Address], [p].[BloodType], [p].[CreatedAt], [p].[DateOfBirth], [p].[Email], [p].[FullName], [p].[Gender], [p].[NationalId], [p].[Phone], [p].[UserId]
FROM [Patients] AS [p]
WHERE [p].[Id] = @p
2026-07-03 07:06:15.196 +03:00 [INF] Executed DbCommand (0ms) [Parameters=[@p='?' (DbType = Guid)], CommandType='"Text"', CommandTimeout='30']
SELECT TOP(1) [d].[Id], [d].[DepartmentId], [d].[FullName], [d].[IsActive], [d].[Phone], [d].[Specialization], [d].[UserId]
FROM [Doctors] AS [d]
WHERE [d].[Id] = @p
2026-07-03 07:06:15.200 +03:00 [INF] HTTP GET /api/appointments/e86d6a85-c40b-4966-809d-e451782a5cea responded 200 in 42ms
2026-07-03 07:06:21.544 +03:00 [INF] HTTP OPTIONS /api/appointments/available-slots responded 204 in 0ms
2026-07-03 07:06:21.553 +03:00 [INF] Executed DbCommand (0ms) [Parameters=[], CommandType='"Text"', CommandTimeout='30']
SELECT [d].[Id], [d].[AppointmentDurationMinutes], [d].[DoctorId], [d].[EndTime], [d].[IsActive], [d].[ScheduleDate], [d].[StartTime]
FROM [DoctorDateSchedules] AS [d]
2026-07-03 07:06:21.557 +03:00 [INF] Executed DbCommand (1ms) [Parameters=[@doctorId='?' (DbType = Guid), @date='?' (DbType = Date)], CommandType='"Text"', CommandTimeout='30']
SELECT [a].[Id], [a].[AppointmentDate], [a].[CreatedAt], [a].[CreatedByReceptionistId], [a].[DoctorId], [a].[EndTime], [a].[Notes], [a].[PatientId], [a].[StartTime], [a].[Status], [a].[UpdatedAt]
FROM [Appointments] AS [a]
WHERE [a].[DoctorId] = @doctorId AND [a].[AppointmentDate] = @date
ORDER BY [a].[StartTime]
2026-07-03 07:06:21.572 +03:00 [INF] Executed DbCommand (3ms) [Parameters=[@patientId='?' (DbType = Guid)], CommandType='"Text"', CommandTimeout='30']
SELECT [a].[Id], [a].[AppointmentDate], [a].[CreatedAt], [a].[CreatedByReceptionistId], [a].[DoctorId], [a].[EndTime], [a].[Notes], [a].[PatientId], [a].[StartTime], [a].[Status], [a].[UpdatedAt]
FROM [Appointments] AS [a]
WHERE [a].[PatientId] = @patientId
ORDER BY [a].[AppointmentDate] DESC, [a].[StartTime] DESC
2026-07-03 07:06:21.578 +03:00 [INF] HTTP GET /api/appointments/available-slots responded 200 in 28ms
2026-07-03 07:06:25.098 +03:00 [INF] HTTP OPTIONS /api/appointments/e86d6a85-c40b-4966-809d-e451782a5cea/reschedule responded 204 in 0ms
2026-07-03 07:06:25.120 +03:00 [INF] Executed DbCommand (2ms) [Parameters=[@p='?' (DbType = Guid)], CommandType='"Text"', CommandTimeout='30']
SELECT TOP(1) [a].[Id], [a].[AppointmentDate], [a].[CreatedAt], [a].[CreatedByReceptionistId], [a].[DoctorId], [a].[EndTime], [a].[Notes], [a].[PatientId], [a].[StartTime], [a].[Status], [a].[UpdatedAt]
FROM [Appointments] AS [a]
WHERE [a].[Id] = @p
2026-07-03 07:06:25.129 +03:00 [INF] Executed DbCommand (0ms) [Parameters=[], CommandType='"Text"', CommandTimeout='30']
SELECT [d].[Id], [d].[AppointmentDurationMinutes], [d].[DoctorId], [d].[EndTime], [d].[IsActive], [d].[ScheduleDate], [d].[StartTime]
FROM [DoctorDateSchedules] AS [d]
2026-07-03 07:06:25.142 +03:00 [INF] Executed DbCommand (6ms) [Parameters=[@doctorId='?' (DbType = Guid), @date='?' (DbType = Date), @endTime='?' (DbType = Time), @startTime='?' (DbType = Time), @excludeAppointmentId_Value='?' (DbType = Guid)], CommandType='"Text"', CommandTimeout='30']
SELECT CASE
    WHEN EXISTS (
        SELECT 1
        FROM [Appointments] AS [a]
        WHERE [a].[DoctorId] = @doctorId AND [a].[AppointmentDate] = @date AND [a].[Status] <> N'Cancelled' AND [a].[StartTime] < @endTime AND [a].[EndTime] > @startTime AND [a].[Id] <> @excludeAppointmentId_Value) THEN CAST(1 AS bit)
    ELSE CAST(0 AS bit)
END
2026-07-03 07:06:25.155 +03:00 [INF] Executed DbCommand (3ms) [Parameters=[@patientId='?' (DbType = Guid), @date='?' (DbType = Date), @endTime='?' (DbType = Time), @startTime='?' (DbType = Time), @excludeAppointmentId_Value='?' (DbType = Guid)], CommandType='"Text"', CommandTimeout='30']
SELECT CASE
    WHEN EXISTS (
        SELECT 1
        FROM [Appointments] AS [a]
        WHERE [a].[PatientId] = @patientId AND [a].[AppointmentDate] = @date AND [a].[Status] <> N'Cancelled' AND [a].[StartTime] < @endTime AND [a].[EndTime] > @startTime AND [a].[Id] <> @excludeAppointmentId_Value) THEN CAST(1 AS bit)
    ELSE CAST(0 AS bit)
END
2026-07-03 07:06:25.184 +03:00 [INF] Executed DbCommand (17ms) [Parameters=[@p10='?' (DbType = Guid), @p0='?' (DbType = Date), @p1='?' (DbType = DateTime2), @p2='?' (DbType = Guid), @p3='?' (DbType = Guid), @p4='?' (DbType = Time), @p5='?' (Size = 2000), @p6='?' (DbType = Guid), @p7='?' (DbType = Time), @p8='?' (Size = 50), @p9='?' (DbType = DateTime2)], CommandType='"Text"', CommandTimeout='30']
SET IMPLICIT_TRANSACTIONS OFF;
SET NOCOUNT ON;
UPDATE [Appointments] SET [AppointmentDate] = @p0, [CreatedAt] = @p1, [CreatedByReceptionistId] = @p2, [DoctorId] = @p3, [EndTime] = @p4, [Notes] = @p5, [PatientId] = @p6, [StartTime] = @p7, [Status] = @p8, [UpdatedAt] = @p9
OUTPUT 1
WHERE [Id] = @p10;
2026-07-03 07:06:25.192 +03:00 [INF] Appointment rescheduled "e86d6a85-c40b-4966-809d-e451782a5cea" to "2026-07-03" at "09:00:00" by receptionist "b4587591-d708-46f5-b95a-1a860eb4b9f5"
2026-07-03 07:06:25.194 +03:00 [INF] Executed DbCommand (0ms) [Parameters=[@p='?' (DbType = Guid)], CommandType='"Text"', CommandTimeout='30']
SELECT TOP(1) [p].[Id], [p].[Address], [p].[BloodType], [p].[CreatedAt], [p].[DateOfBirth], [p].[Email], [p].[FullName], [p].[Gender], [p].[NationalId], [p].[Phone], [p].[UserId]
FROM [Patients] AS [p]
WHERE [p].[Id] = @p
2026-07-03 07:06:25.199 +03:00 [INF] Executed DbCommand (1ms) [Parameters=[@p='?' (DbType = Guid)], CommandType='"Text"', CommandTimeout='30']
SELECT TOP(1) [d].[Id], [d].[DepartmentId], [d].[FullName], [d].[IsActive], [d].[Phone], [d].[Specialization], [d].[UserId]
FROM [Doctors] AS [d]
WHERE [d].[Id] = @p
2026-07-03 07:06:25.204 +03:00 [INF] HTTP PUT /api/appointments/e86d6a85-c40b-4966-809d-e451782a5cea/reschedule responded 200 in 101ms
2026-07-03 07:06:25.209 +03:00 [INF] HTTP OPTIONS /api/appointments/e86d6a85-c40b-4966-809d-e451782a5cea responded 204 in 0ms
2026-07-03 07:06:25.213 +03:00 [INF] Executed DbCommand (0ms) [Parameters=[@p='?' (DbType = Guid)], CommandType='"Text"', CommandTimeout='30']
SELECT TOP(1) [a].[Id], [a].[AppointmentDate], [a].[CreatedAt], [a].[CreatedByReceptionistId], [a].[DoctorId], [a].[EndTime], [a].[Notes], [a].[PatientId], [a].[StartTime], [a].[Status], [a].[UpdatedAt]
FROM [Appointments] AS [a]
WHERE [a].[Id] = @p
2026-07-03 07:06:25.222 +03:00 [INF] Executed DbCommand (0ms) [Parameters=[@p='?' (DbType = Guid)], CommandType='"Text"', CommandTimeout='30']
SELECT TOP(1) [p].[Id], [p].[Address], [p].[BloodType], [p].[CreatedAt], [p].[DateOfBirth], [p].[Email], [p].[FullName], [p].[Gender], [p].[NationalId], [p].[Phone], [p].[UserId]
FROM [Patients] AS [p]
WHERE [p].[Id] = @p
2026-07-03 07:06:25.226 +03:00 [INF] Executed DbCommand (0ms) [Parameters=[@p='?' (DbType = Guid)], CommandType='"Text"', CommandTimeout='30']
SELECT TOP(1) [d].[Id], [d].[DepartmentId], [d].[FullName], [d].[IsActive], [d].[Phone], [d].[Specialization], [d].[UserId]
FROM [Doctors] AS [d]
WHERE [d].[Id] = @p
2026-07-03 07:06:25.228 +03:00 [INF] HTTP GET /api/appointments/e86d6a85-c40b-4966-809d-e451782a5cea responded 200 in 16ms
2026-07-03 07:06:38.195 +03:00 [INF] HTTP OPTIONS /api/appointments/e86d6a85-c40b-4966-809d-e451782a5cea/reschedule responded 204 in 0ms
2026-07-03 07:06:38.202 +03:00 [INF] Executed DbCommand (0ms) [Parameters=[@p='?' (DbType = Guid)], CommandType='"Text"', CommandTimeout='30']
SELECT TOP(1) [a].[Id], [a].[AppointmentDate], [a].[CreatedAt], [a].[CreatedByReceptionistId], [a].[DoctorId], [a].[EndTime], [a].[Notes], [a].[PatientId], [a].[StartTime], [a].[Status], [a].[UpdatedAt]
FROM [Appointments] AS [a]
WHERE [a].[Id] = @p
2026-07-03 07:06:38.205 +03:00 [INF] Executed DbCommand (0ms) [Parameters=[], CommandType='"Text"', CommandTimeout='30']
SELECT [d].[Id], [d].[AppointmentDurationMinutes], [d].[DoctorId], [d].[EndTime], [d].[IsActive], [d].[ScheduleDate], [d].[StartTime]
FROM [DoctorDateSchedules] AS [d]
2026-07-03 07:06:38.209 +03:00 [INF] Executed DbCommand (0ms) [Parameters=[@doctorId='?' (DbType = Guid), @date='?' (DbType = Date), @endTime='?' (DbType = Time), @startTime='?' (DbType = Time), @excludeAppointmentId_Value='?' (DbType = Guid)], CommandType='"Text"', CommandTimeout='30']
SELECT CASE
    WHEN EXISTS (
        SELECT 1
        FROM [Appointments] AS [a]
        WHERE [a].[DoctorId] = @doctorId AND [a].[AppointmentDate] = @date AND [a].[Status] <> N'Cancelled' AND [a].[StartTime] < @endTime AND [a].[EndTime] > @startTime AND [a].[Id] <> @excludeAppointmentId_Value) THEN CAST(1 AS bit)
    ELSE CAST(0 AS bit)
END
2026-07-03 07:06:38.221 +03:00 [INF] Executed DbCommand (0ms) [Parameters=[@patientId='?' (DbType = Guid), @date='?' (DbType = Date), @endTime='?' (DbType = Time), @startTime='?' (DbType = Time), @excludeAppointmentId_Value='?' (DbType = Guid)], CommandType='"Text"', CommandTimeout='30']
SELECT CASE
    WHEN EXISTS (
        SELECT 1
        FROM [Appointments] AS [a]
        WHERE [a].[PatientId] = @patientId AND [a].[AppointmentDate] = @date AND [a].[Status] <> N'Cancelled' AND [a].[StartTime] < @endTime AND [a].[EndTime] > @startTime AND [a].[Id] <> @excludeAppointmentId_Value) THEN CAST(1 AS bit)
    ELSE CAST(0 AS bit)
END
2026-07-03 07:06:38.249 +03:00 [INF] Executed DbCommand (18ms) [Parameters=[@p10='?' (DbType = Guid), @p0='?' (DbType = Date), @p1='?' (DbType = DateTime2), @p2='?' (DbType = Guid), @p3='?' (DbType = Guid), @p4='?' (DbType = Time), @p5='?' (Size = 2000), @p6='?' (DbType = Guid), @p7='?' (DbType = Time), @p8='?' (Size = 50), @p9='?' (DbType = DateTime2)], CommandType='"Text"', CommandTimeout='30']
SET IMPLICIT_TRANSACTIONS OFF;
SET NOCOUNT ON;
UPDATE [Appointments] SET [AppointmentDate] = @p0, [CreatedAt] = @p1, [CreatedByReceptionistId] = @p2, [DoctorId] = @p3, [EndTime] = @p4, [Notes] = @p5, [PatientId] = @p6, [StartTime] = @p7, [Status] = @p8, [UpdatedAt] = @p9
OUTPUT 1
WHERE [Id] = @p10;
2026-07-03 07:06:38.256 +03:00 [INF] Appointment rescheduled "e86d6a85-c40b-4966-809d-e451782a5cea" to "2026-07-03" at "09:30:00" by receptionist "b4587591-d708-46f5-b95a-1a860eb4b9f5"
2026-07-03 07:06:38.261 +03:00 [INF] Executed DbCommand (0ms) [Parameters=[@p='?' (DbType = Guid)], CommandType='"Text"', CommandTimeout='30']
SELECT TOP(1) [p].[Id], [p].[Address], [p].[BloodType], [p].[CreatedAt], [p].[DateOfBirth], [p].[Email], [p].[FullName], [p].[Gender], [p].[NationalId], [p].[Phone], [p].[UserId]
FROM [Patients] AS [p]
WHERE [p].[Id] = @p
2026-07-03 07:06:38.265 +03:00 [INF] Executed DbCommand (0ms) [Parameters=[@p='?' (DbType = Guid)], CommandType='"Text"', CommandTimeout='30']
SELECT TOP(1) [d].[Id], [d].[DepartmentId], [d].[FullName], [d].[IsActive], [d].[Phone], [d].[Specialization], [d].[UserId]
FROM [Doctors] AS [d]
WHERE [d].[Id] = @p
2026-07-03 07:06:38.268 +03:00 [INF] HTTP PUT /api/appointments/e86d6a85-c40b-4966-809d-e451782a5cea/reschedule responded 200 in 68ms
2026-07-03 07:06:38.276 +03:00 [INF] HTTP OPTIONS /api/appointments/e86d6a85-c40b-4966-809d-e451782a5cea responded 204 in 0ms
2026-07-03 07:06:38.281 +03:00 [INF] Executed DbCommand (0ms) [Parameters=[@p='?' (DbType = Guid)], CommandType='"Text"', CommandTimeout='30']
SELECT TOP(1) [a].[Id], [a].[AppointmentDate], [a].[CreatedAt], [a].[CreatedByReceptionistId], [a].[DoctorId], [a].[EndTime], [a].[Notes], [a].[PatientId], [a].[StartTime], [a].[Status], [a].[UpdatedAt]
FROM [Appointments] AS [a]
WHERE [a].[Id] = @p
2026-07-03 07:06:38.289 +03:00 [INF] Executed DbCommand (1ms) [Parameters=[@p='?' (DbType = Guid)], CommandType='"Text"', CommandTimeout='30']
SELECT TOP(1) [p].[Id], [p].[Address], [p].[BloodType], [p].[CreatedAt], [p].[DateOfBirth], [p].[Email], [p].[FullName], [p].[Gender], [p].[NationalId], [p].[Phone], [p].[UserId]
FROM [Patients] AS [p]
WHERE [p].[Id] = @p
2026-07-03 07:06:38.294 +03:00 [INF] Executed DbCommand (0ms) [Parameters=[@p='?' (DbType = Guid)], CommandType='"Text"', CommandTimeout='30']
SELECT TOP(1) [d].[Id], [d].[DepartmentId], [d].[FullName], [d].[IsActive], [d].[Phone], [d].[Specialization], [d].[UserId]
FROM [Doctors] AS [d]
WHERE [d].[Id] = @p
2026-07-03 07:06:38.300 +03:00 [INF] HTTP GET /api/appointments/e86d6a85-c40b-4966-809d-e451782a5cea responded 200 in 20ms
2026-07-03 07:06:43.332 +03:00 [INF] HTTP OPTIONS /api/departments responded 204 in 0ms
2026-07-03 07:06:43.332 +03:00 [INF] HTTP OPTIONS /api/patients responded 204 in 0ms
2026-07-03 07:06:43.339 +03:00 [INF] Executed DbCommand (0ms) [Parameters=[], CommandType='"Text"', CommandTimeout='30']
SELECT [d].[Id], [d].[Description], [d].[IsActive], [d].[Name]
FROM [Departments] AS [d]
2026-07-03 07:06:43.347 +03:00 [INF] HTTP GET /api/departments responded 200 in 10ms
2026-07-03 07:06:43.351 +03:00 [INF] Executed DbCommand (1ms) [Parameters=[], CommandType='"Text"', CommandTimeout='30']
SELECT [p].[Id], [p].[Address], [p].[BloodType], [p].[CreatedAt], [p].[DateOfBirth], [p].[Email], [p].[FullName], [p].[Gender], [p].[NationalId], [p].[Phone], [p].[UserId]
FROM [Patients] AS [p]
2026-07-03 07:06:43.361 +03:00 [INF] HTTP GET /api/patients responded 200 in 12ms
2026-07-03 07:06:47.627 +03:00 [INF] HTTP OPTIONS /api/doctors/department/1d1b4bb6-66f3-4808-baf4-a7dd7f082562 responded 204 in 0ms
2026-07-03 07:06:47.632 +03:00 [INF] Executed DbCommand (0ms) [Parameters=[@departmentId='?' (DbType = Guid)], CommandType='"Text"', CommandTimeout='30']
SELECT [d].[Id], [d].[DepartmentId], [d].[FullName], [d].[IsActive], [d].[Phone], [d].[Specialization], [d].[UserId], [d0].[Id], [d0].[Description], [d0].[IsActive], [d0].[Name]
FROM [Doctors] AS [d]
INNER JOIN [Departments] AS [d0] ON [d].[DepartmentId] = [d0].[Id]
WHERE [d].[DepartmentId] = @departmentId AND [d].[IsActive] = CAST(1 AS bit)
2026-07-03 07:06:47.637 +03:00 [INF] HTTP GET /api/doctors/department/1d1b4bb6-66f3-4808-baf4-a7dd7f082562 responded 200 in 5ms
2026-07-03 07:06:55.346 +03:00 [INF] HTTP OPTIONS /api/appointments/available-slots responded 204 in 0ms
2026-07-03 07:06:55.351 +03:00 [INF] Executed DbCommand (0ms) [Parameters=[], CommandType='"Text"', CommandTimeout='30']
SELECT [d].[Id], [d].[AppointmentDurationMinutes], [d].[DoctorId], [d].[EndTime], [d].[IsActive], [d].[ScheduleDate], [d].[StartTime]
FROM [DoctorDateSchedules] AS [d]
2026-07-03 07:06:55.355 +03:00 [INF] Executed DbCommand (0ms) [Parameters=[@doctorId='?' (DbType = Guid), @date='?' (DbType = Date)], CommandType='"Text"', CommandTimeout='30']
SELECT [a].[Id], [a].[AppointmentDate], [a].[CreatedAt], [a].[CreatedByReceptionistId], [a].[DoctorId], [a].[EndTime], [a].[Notes], [a].[PatientId], [a].[StartTime], [a].[Status], [a].[UpdatedAt]
FROM [Appointments] AS [a]
WHERE [a].[DoctorId] = @doctorId AND [a].[AppointmentDate] = @date
ORDER BY [a].[StartTime]
2026-07-03 07:06:55.361 +03:00 [INF] Executed DbCommand (1ms) [Parameters=[@patientId='?' (DbType = Guid)], CommandType='"Text"', CommandTimeout='30']
SELECT [a].[Id], [a].[AppointmentDate], [a].[CreatedAt], [a].[CreatedByReceptionistId], [a].[DoctorId], [a].[EndTime], [a].[Notes], [a].[PatientId], [a].[StartTime], [a].[Status], [a].[UpdatedAt]
FROM [Appointments] AS [a]
WHERE [a].[PatientId] = @patientId
ORDER BY [a].[AppointmentDate] DESC, [a].[StartTime] DESC
2026-07-03 07:06:55.370 +03:00 [INF] HTTP GET /api/appointments/available-slots responded 200 in 20ms
2026-07-03 07:07:02.198 +03:00 [INF] HTTP OPTIONS /api/appointments responded 204 in 0ms
2026-07-03 07:07:02.204 +03:00 [INF] Executed DbCommand (1ms) [Parameters=[@p='?' (DbType = Guid)], CommandType='"Text"', CommandTimeout='30']
SELECT TOP(1) [d].[Id], [d].[DepartmentId], [d].[FullName], [d].[IsActive], [d].[Phone], [d].[Specialization], [d].[UserId]
FROM [Doctors] AS [d]
WHERE [d].[Id] = @p
2026-07-03 07:07:02.209 +03:00 [INF] Executed DbCommand (0ms) [Parameters=[@p='?' (DbType = Guid)], CommandType='"Text"', CommandTimeout='30']
SELECT TOP(1) [p].[Id], [p].[Address], [p].[BloodType], [p].[CreatedAt], [p].[DateOfBirth], [p].[Email], [p].[FullName], [p].[Gender], [p].[NationalId], [p].[Phone], [p].[UserId]
FROM [Patients] AS [p]
WHERE [p].[Id] = @p
2026-07-03 07:07:02.219 +03:00 [INF] Executed DbCommand (1ms) [Parameters=[], CommandType='"Text"', CommandTimeout='30']
SELECT [d].[Id], [d].[AppointmentDurationMinutes], [d].[DoctorId], [d].[EndTime], [d].[IsActive], [d].[ScheduleDate], [d].[StartTime]
FROM [DoctorDateSchedules] AS [d]
2026-07-03 07:07:02.228 +03:00 [INF] Executed DbCommand (0ms) [Parameters=[@doctorId='?' (DbType = Guid), @date='?' (DbType = Date), @endTime='?' (DbType = Time), @startTime='?' (DbType = Time)], CommandType='"Text"', CommandTimeout='30']
SELECT CASE
    WHEN EXISTS (
        SELECT 1
        FROM [Appointments] AS [a]
        WHERE [a].[DoctorId] = @doctorId AND [a].[AppointmentDate] = @date AND [a].[Status] <> N'Cancelled' AND [a].[StartTime] < @endTime AND [a].[EndTime] > @startTime) THEN CAST(1 AS bit)
    ELSE CAST(0 AS bit)
END
2026-07-03 07:07:02.234 +03:00 [INF] Executed DbCommand (1ms) [Parameters=[@patientId='?' (DbType = Guid), @date='?' (DbType = Date), @endTime='?' (DbType = Time), @startTime='?' (DbType = Time)], CommandType='"Text"', CommandTimeout='30']
SELECT CASE
    WHEN EXISTS (
        SELECT 1
        FROM [Appointments] AS [a]
        WHERE [a].[PatientId] = @patientId AND [a].[AppointmentDate] = @date AND [a].[Status] <> N'Cancelled' AND [a].[StartTime] < @endTime AND [a].[EndTime] > @startTime) THEN CAST(1 AS bit)
    ELSE CAST(0 AS bit)
END
2026-07-03 07:07:02.274 +03:00 [INF] Executed DbCommand (30ms) [Parameters=[@p0='?' (DbType = Guid), @p1='?' (DbType = Date), @p2='?' (DbType = DateTime2), @p3='?' (DbType = Guid), @p4='?' (DbType = Guid), @p5='?' (DbType = Time), @p6='?' (Size = 2000), @p7='?' (DbType = Guid), @p8='?' (DbType = Time), @p9='?' (Size = 50), @p10='?' (DbType = DateTime2)], CommandType='"Text"', CommandTimeout='30']
SET IMPLICIT_TRANSACTIONS OFF;
SET NOCOUNT ON;
INSERT INTO [Appointments] ([Id], [AppointmentDate], [CreatedAt], [CreatedByReceptionistId], [DoctorId], [EndTime], [Notes], [PatientId], [StartTime], [Status], [UpdatedAt])
VALUES (@p0, @p1, @p2, @p3, @p4, @p5, @p6, @p7, @p8, @p9, @p10);
2026-07-03 07:07:02.280 +03:00 [INF] Appointment booked "c4d460bb-59d2-4645-956b-4bd22226e06d" for patient "eaa28d89-1379-417b-8ce4-815f9e5748a9" with doctor "57d47779-2e9c-42f6-a24d-2de7de3a34e7" on "2026-07-03" at "09:00:00" by receptionist "b4587591-d708-46f5-b95a-1a860eb4b9f5"
2026-07-03 07:07:02.284 +03:00 [INF] HTTP POST /api/appointments responded 200 in 82ms
2026-07-03 07:07:04.275 +03:00 [INF] HTTP OPTIONS /api/doctors responded 204 in 0ms
2026-07-03 07:07:04.276 +03:00 [INF] HTTP OPTIONS /api/appointments responded 204 in 0ms
2026-07-03 07:07:04.276 +03:00 [INF] HTTP OPTIONS /api/doctors responded 204 in 0ms
2026-07-03 07:07:04.287 +03:00 [INF] Executed DbCommand (4ms) [Parameters=[], CommandType='"Text"', CommandTimeout='30']
SELECT [d].[Id], [d].[DepartmentId], [d].[FullName], [d].[IsActive], [d].[Phone], [d].[Specialization], [d].[UserId]
FROM [Doctors] AS [d]
2026-07-03 07:07:04.293 +03:00 [INF] Executed DbCommand (0ms) [Parameters=[@doctorId='?' (DbType = Guid), @date='?' (DbType = Date)], CommandType='"Text"', CommandTimeout='30']
SELECT [a].[Id], [a].[AppointmentDate], [a].[CreatedAt], [a].[CreatedByReceptionistId], [a].[DoctorId], [a].[EndTime], [a].[Notes], [a].[PatientId], [a].[StartTime], [a].[Status], [a].[UpdatedAt]
FROM [Appointments] AS [a]
WHERE [a].[DoctorId] = @doctorId AND [a].[AppointmentDate] = @date
ORDER BY [a].[StartTime]
2026-07-03 07:07:04.295 +03:00 [INF] Executed DbCommand (1ms) [Parameters=[@p='?' (DbType = Guid)], CommandType='"Text"', CommandTimeout='30']
SELECT TOP(1) [d].[Id], [d].[Description], [d].[IsActive], [d].[Name]
FROM [Departments] AS [d]
WHERE [d].[Id] = @p
2026-07-03 07:07:04.308 +03:00 [INF] HTTP GET /api/doctors responded 200 in 27ms
2026-07-03 07:07:04.308 +03:00 [INF] Executed DbCommand (9ms) [Parameters=[@p='?' (DbType = Guid)], CommandType='"Text"', CommandTimeout='30']
SELECT TOP(1) [p].[Id], [p].[Address], [p].[BloodType], [p].[CreatedAt], [p].[DateOfBirth], [p].[Email], [p].[FullName], [p].[Gender], [p].[NationalId], [p].[Phone], [p].[UserId]
FROM [Patients] AS [p]
WHERE [p].[Id] = @p
2026-07-03 07:07:04.313 +03:00 [INF] Executed DbCommand (1ms) [Parameters=[], CommandType='"Text"', CommandTimeout='30']
SELECT [d].[Id], [d].[DepartmentId], [d].[FullName], [d].[IsActive], [d].[Phone], [d].[Specialization], [d].[UserId]
FROM [Doctors] AS [d]
2026-07-03 07:07:04.315 +03:00 [INF] Executed DbCommand (1ms) [Parameters=[@p='?' (DbType = Guid)], CommandType='"Text"', CommandTimeout='30']
SELECT TOP(1) [d].[Id], [d].[DepartmentId], [d].[FullName], [d].[IsActive], [d].[Phone], [d].[Specialization], [d].[UserId]
FROM [Doctors] AS [d]
WHERE [d].[Id] = @p
2026-07-03 07:07:04.333 +03:00 [INF] Executed DbCommand (0ms) [Parameters=[@p='?' (DbType = Guid)], CommandType='"Text"', CommandTimeout='30']
SELECT TOP(1) [d].[Id], [d].[Description], [d].[IsActive], [d].[Name]
FROM [Departments] AS [d]
WHERE [d].[Id] = @p
2026-07-03 07:07:04.339 +03:00 [INF] HTTP GET /api/appointments responded 200 in 47ms
2026-07-03 07:07:04.343 +03:00 [INF] HTTP GET /api/doctors responded 200 in 32ms
2026-07-03 07:07:04.348 +03:00 [INF] HTTP OPTIONS /api/appointments responded 204 in 0ms
2026-07-03 07:07:04.356 +03:00 [INF] HTTP OPTIONS /api/doctors/57d47779-2e9c-42f6-a24d-2de7de3a34e7/date-schedules responded 204 in 0ms
2026-07-03 07:07:04.356 +03:00 [INF] HTTP OPTIONS /api/doctors/3b601f6a-1230-4223-9df7-30235e210b4e/date-schedules responded 204 in 0ms
2026-07-03 07:07:04.363 +03:00 [INF] Executed DbCommand (3ms) [Parameters=[@doctorId='?' (DbType = Guid), @date='?' (DbType = Date)], CommandType='"Text"', CommandTimeout='30']
SELECT [a].[Id], [a].[AppointmentDate], [a].[CreatedAt], [a].[CreatedByReceptionistId], [a].[DoctorId], [a].[EndTime], [a].[Notes], [a].[PatientId], [a].[StartTime], [a].[Status], [a].[UpdatedAt]
FROM [Appointments] AS [a]
WHERE [a].[DoctorId] = @doctorId AND [a].[AppointmentDate] = @date
ORDER BY [a].[StartTime]
2026-07-03 07:07:04.363 +03:00 [INF] Executed DbCommand (1ms) [Parameters=[@p='?' (DbType = Guid)], CommandType='"Text"', CommandTimeout='30']
SELECT TOP(1) [d].[Id], [d].[DepartmentId], [d].[FullName], [d].[IsActive], [d].[Phone], [d].[Specialization], [d].[UserId]
FROM [Doctors] AS [d]
WHERE [d].[Id] = @p
2026-07-03 07:07:04.364 +03:00 [INF] Executed DbCommand (1ms) [Parameters=[@p='?' (DbType = Guid)], CommandType='"Text"', CommandTimeout='30']
SELECT TOP(1) [d].[Id], [d].[DepartmentId], [d].[FullName], [d].[IsActive], [d].[Phone], [d].[Specialization], [d].[UserId]
FROM [Doctors] AS [d]
WHERE [d].[Id] = @p
2026-07-03 07:07:04.373 +03:00 [INF] HTTP GET /api/appointments responded 200 in 15ms
2026-07-03 07:07:04.378 +03:00 [INF] Executed DbCommand (1ms) [Parameters=[], CommandType='"Text"', CommandTimeout='30']
SELECT [d].[Id], [d].[AppointmentDurationMinutes], [d].[DoctorId], [d].[EndTime], [d].[IsActive], [d].[ScheduleDate], [d].[StartTime]
FROM [DoctorDateSchedules] AS [d]
2026-07-03 07:07:04.387 +03:00 [INF] Executed DbCommand (1ms) [Parameters=[], CommandType='"Text"', CommandTimeout='30']
SELECT [d].[Id], [d].[AppointmentDurationMinutes], [d].[DoctorId], [d].[EndTime], [d].[IsActive], [d].[ScheduleDate], [d].[StartTime]
FROM [DoctorDateSchedules] AS [d]
2026-07-03 07:07:04.391 +03:00 [INF] HTTP GET /api/doctors/57d47779-2e9c-42f6-a24d-2de7de3a34e7/date-schedules responded 200 in 31ms
2026-07-03 07:07:04.399 +03:00 [INF] HTTP GET /api/doctors/3b601f6a-1230-4223-9df7-30235e210b4e/date-schedules responded 200 in 37ms
2026-07-03 07:07:44.685 +03:00 [INF] HTTP OPTIONS /api/doctors responded 204 in 0ms
2026-07-03 07:07:44.691 +03:00 [INF] HTTP OPTIONS /api/patients responded 204 in 0ms
2026-07-03 07:07:44.731 +03:00 [INF] HTTP OPTIONS /api/doctors responded 204 in 0ms
2026-07-03 07:07:44.759 +03:00 [INF] HTTP OPTIONS /api/appointments responded 204 in 0ms
2026-07-03 07:07:44.801 +03:00 [INF] Executed DbCommand (30ms) [Parameters=[], CommandType='"Text"', CommandTimeout='30']
SELECT [d].[Id], [d].[DepartmentId], [d].[FullName], [d].[IsActive], [d].[Phone], [d].[Specialization], [d].[UserId]
FROM [Doctors] AS [d]
2026-07-03 07:07:44.807 +03:00 [INF] Executed DbCommand (6ms) [Parameters=[], CommandType='"Text"', CommandTimeout='30']
SELECT [p].[Id], [p].[Address], [p].[BloodType], [p].[CreatedAt], [p].[DateOfBirth], [p].[Email], [p].[FullName], [p].[Gender], [p].[NationalId], [p].[Phone], [p].[UserId]
FROM [Patients] AS [p]
2026-07-03 07:07:44.809 +03:00 [INF] Executed DbCommand (6ms) [Parameters=[@doctorId='?' (DbType = Guid), @date='?' (DbType = Date)], CommandType='"Text"', CommandTimeout='30']
SELECT [a].[Id], [a].[AppointmentDate], [a].[CreatedAt], [a].[CreatedByReceptionistId], [a].[DoctorId], [a].[EndTime], [a].[Notes], [a].[PatientId], [a].[StartTime], [a].[Status], [a].[UpdatedAt]
FROM [Appointments] AS [a]
WHERE [a].[DoctorId] = @doctorId AND [a].[AppointmentDate] = @date
ORDER BY [a].[StartTime]
2026-07-03 07:07:44.839 +03:00 [INF] HTTP GET /api/patients responded 200 in 44ms
2026-07-03 07:07:44.840 +03:00 [INF] Executed DbCommand (5ms) [Parameters=[@p='?' (DbType = Guid)], CommandType='"Text"', CommandTimeout='30']
SELECT TOP(1) [d].[Id], [d].[Description], [d].[IsActive], [d].[Name]
FROM [Departments] AS [d]
WHERE [d].[Id] = @p
2026-07-03 07:07:44.858 +03:00 [INF] HTTP GET /api/doctors responded 200 in 86ms
2026-07-03 07:07:44.867 +03:00 [INF] Executed DbCommand (16ms) [Parameters=[@p='?' (DbType = Guid)], CommandType='"Text"', CommandTimeout='30']
SELECT TOP(1) [p].[Id], [p].[Address], [p].[BloodType], [p].[CreatedAt], [p].[DateOfBirth], [p].[Email], [p].[FullName], [p].[Gender], [p].[NationalId], [p].[Phone], [p].[UserId]
FROM [Patients] AS [p]
WHERE [p].[Id] = @p
2026-07-03 07:07:44.872 +03:00 [INF] Executed DbCommand (5ms) [Parameters=[], CommandType='"Text"', CommandTimeout='30']
SELECT [d].[Id], [d].[DepartmentId], [d].[FullName], [d].[IsActive], [d].[Phone], [d].[Specialization], [d].[UserId]
FROM [Doctors] AS [d]
2026-07-03 07:07:44.875 +03:00 [INF] Executed DbCommand (2ms) [Parameters=[@p='?' (DbType = Guid)], CommandType='"Text"', CommandTimeout='30']
SELECT TOP(1) [d].[Id], [d].[DepartmentId], [d].[FullName], [d].[IsActive], [d].[Phone], [d].[Specialization], [d].[UserId]
FROM [Doctors] AS [d]
WHERE [d].[Id] = @p
2026-07-03 07:07:44.878 +03:00 [INF] Executed DbCommand (1ms) [Parameters=[@p='?' (DbType = Guid)], CommandType='"Text"', CommandTimeout='30']
SELECT TOP(1) [d].[Id], [d].[Description], [d].[IsActive], [d].[Name]
FROM [Departments] AS [d]
WHERE [d].[Id] = @p
2026-07-03 07:07:44.891 +03:00 [INF] HTTP GET /api/appointments responded 200 in 89ms
2026-07-03 07:07:44.978 +03:00 [INF] HTTP GET /api/doctors responded 200 in 118ms
2026-07-03 07:07:44.987 +03:00 [INF] HTTP OPTIONS /api/appointments responded 204 in 0ms
2026-07-03 07:07:44.994 +03:00 [INF] HTTP OPTIONS /api/doctors/57d47779-2e9c-42f6-a24d-2de7de3a34e7/date-schedules responded 204 in 2ms
2026-07-03 07:07:44.994 +03:00 [INF] HTTP OPTIONS /api/doctors/3b601f6a-1230-4223-9df7-30235e210b4e/date-schedules responded 204 in 0ms
2026-07-03 07:07:45.012 +03:00 [INF] Executed DbCommand (8ms) [Parameters=[@doctorId='?' (DbType = Guid), @date='?' (DbType = Date)], CommandType='"Text"', CommandTimeout='30']
SELECT [a].[Id], [a].[AppointmentDate], [a].[CreatedAt], [a].[CreatedByReceptionistId], [a].[DoctorId], [a].[EndTime], [a].[Notes], [a].[PatientId], [a].[StartTime], [a].[Status], [a].[UpdatedAt]
FROM [Appointments] AS [a]
WHERE [a].[DoctorId] = @doctorId AND [a].[AppointmentDate] = @date
ORDER BY [a].[StartTime]
2026-07-03 07:07:45.049 +03:00 [INF] Executed DbCommand (0ms) [Parameters=[@p='?' (DbType = Guid)], CommandType='"Text"', CommandTimeout='30']
SELECT TOP(1) [d].[Id], [d].[DepartmentId], [d].[FullName], [d].[IsActive], [d].[Phone], [d].[Specialization], [d].[UserId]
FROM [Doctors] AS [d]
WHERE [d].[Id] = @p
2026-07-03 07:07:45.050 +03:00 [INF] Executed DbCommand (1ms) [Parameters=[@p='?' (DbType = Guid)], CommandType='"Text"', CommandTimeout='30']
SELECT TOP(1) [d].[Id], [d].[DepartmentId], [d].[FullName], [d].[IsActive], [d].[Phone], [d].[Specialization], [d].[UserId]
FROM [Doctors] AS [d]
WHERE [d].[Id] = @p
2026-07-03 07:07:45.057 +03:00 [INF] HTTP GET /api/appointments responded 200 in 59ms
2026-07-03 07:07:45.069 +03:00 [INF] Executed DbCommand (4ms) [Parameters=[], CommandType='"Text"', CommandTimeout='30']
SELECT [d].[Id], [d].[AppointmentDurationMinutes], [d].[DoctorId], [d].[EndTime], [d].[IsActive], [d].[ScheduleDate], [d].[StartTime]
FROM [DoctorDateSchedules] AS [d]
2026-07-03 07:07:45.070 +03:00 [INF] Executed DbCommand (1ms) [Parameters=[], CommandType='"Text"', CommandTimeout='30']
SELECT [d].[Id], [d].[AppointmentDurationMinutes], [d].[DoctorId], [d].[EndTime], [d].[IsActive], [d].[ScheduleDate], [d].[StartTime]
FROM [DoctorDateSchedules] AS [d]
2026-07-03 07:07:45.076 +03:00 [INF] HTTP GET /api/doctors/57d47779-2e9c-42f6-a24d-2de7de3a34e7/date-schedules responded 200 in 33ms
2026-07-03 07:07:45.086 +03:00 [INF] HTTP GET /api/doctors/3b601f6a-1230-4223-9df7-30235e210b4e/date-schedules responded 200 in 38ms
